Archive member included to satisfy reference by file (symbol)

/usr/lib/gcc/avr/7.2.0/../../../../avr/lib/avr5/libm.a(floatsisf.o)
                              Methode.o (__floatsisf)
../Librairie/libProject.a(memoire_24.o)
                              Methode.o (_ZN13Memoire24CXXXD1Ev)
../Librairie/libProject.a(PWM.o)
                              Methode.o (_Z5arretv)
/usr/lib/gcc/avr/7.2.0/avr5/libgcc.a(_divmodhi4.o)
                              Methode.o (__divmodhi4)
/usr/lib/gcc/avr/7.2.0/avr5/libgcc.a(_exit.o)
                              /usr/lib/gcc/avr/7.2.0/../../../../avr/lib/avr5/crtatmega324pa.o (exit)
/usr/lib/gcc/avr/7.2.0/avr5/libgcc.a(_tablejump2.o)
                              Methode.o (__tablejump2__)
/usr/lib/gcc/avr/7.2.0/avr5/libgcc.a(_copy_data.o)
                              ../Librairie/libProject.a(memoire_24.o) (__do_copy_data)
/usr/lib/gcc/avr/7.2.0/avr5/libgcc.a(_clear_bss.o)
                              Methode.o (__do_clear_bss)
/usr/lib/gcc/avr/7.2.0/avr5/libgcc.a(_udivmodhi4.o)
                              /usr/lib/gcc/avr/7.2.0/avr5/libgcc.a(_divmodhi4.o) (__udivmodhi4)
/usr/lib/gcc/avr/7.2.0/../../../../avr/lib/avr5/libm.a(addsf3.o)
                              ../Librairie/libProject.a(PWM.o) (__subsf3)
/usr/lib/gcc/avr/7.2.0/../../../../avr/lib/avr5/libm.a(addsf3x.o)
                              /usr/lib/gcc/avr/7.2.0/../../../../avr/lib/avr5/libm.a(addsf3.o) (__addsf3x)
/usr/lib/gcc/avr/7.2.0/../../../../avr/lib/avr5/libm.a(divsf3.o)
                              ../Librairie/libProject.a(PWM.o) (__divsf3)
/usr/lib/gcc/avr/7.2.0/../../../../avr/lib/avr5/libm.a(divsf3x.o)
                              /usr/lib/gcc/avr/7.2.0/../../../../avr/lib/avr5/libm.a(divsf3.o) (__divsf3x)
/usr/lib/gcc/avr/7.2.0/../../../../avr/lib/avr5/libm.a(fixsfsi.o)
                              ../Librairie/libProject.a(PWM.o) (__fixsfsi)
/usr/lib/gcc/avr/7.2.0/../../../../avr/lib/avr5/libm.a(fixunssfsi.o)
                              /usr/lib/gcc/avr/7.2.0/../../../../avr/lib/avr5/libm.a(fixsfsi.o) (__fixunssfsi)
/usr/lib/gcc/avr/7.2.0/../../../../avr/lib/avr5/libm.a(fp_inf.o)
                              /usr/lib/gcc/avr/7.2.0/../../../../avr/lib/avr5/libm.a(addsf3x.o) (__fp_inf)
/usr/lib/gcc/avr/7.2.0/../../../../avr/lib/avr5/libm.a(fp_nan.o)
                              /usr/lib/gcc/avr/7.2.0/../../../../avr/lib/avr5/libm.a(addsf3x.o) (__fp_nan)
/usr/lib/gcc/avr/7.2.0/../../../../avr/lib/avr5/libm.a(fp_pscA.o)
                              /usr/lib/gcc/avr/7.2.0/../../../../avr/lib/avr5/libm.a(addsf3x.o) (__fp_pscA)
/usr/lib/gcc/avr/7.2.0/../../../../avr/lib/avr5/libm.a(fp_pscB.o)
                              /usr/lib/gcc/avr/7.2.0/../../../../avr/lib/avr5/libm.a(addsf3x.o) (__fp_pscB)
/usr/lib/gcc/avr/7.2.0/../../../../avr/lib/avr5/libm.a(fp_round.o)
                              /usr/lib/gcc/avr/7.2.0/../../../../avr/lib/avr5/libm.a(addsf3.o) (__fp_round)
/usr/lib/gcc/avr/7.2.0/../../../../avr/lib/avr5/libm.a(fp_split3.o)
                              /usr/lib/gcc/avr/7.2.0/../../../../avr/lib/avr5/libm.a(addsf3x.o) (__fp_split3)
/usr/lib/gcc/avr/7.2.0/../../../../avr/lib/avr5/libm.a(fp_zero.o)
                              /usr/lib/gcc/avr/7.2.0/../../../../avr/lib/avr5/libm.a(addsf3x.o) (__fp_zero)
/usr/lib/gcc/avr/7.2.0/../../../../avr/lib/avr5/libm.a(gesf2.o)
                              ../Librairie/libProject.a(PWM.o) (__gtsf2)
/usr/lib/gcc/avr/7.2.0/../../../../avr/lib/avr5/libm.a(mulsf3.o)
                              ../Librairie/libProject.a(PWM.o) (__mulsf3)
/usr/lib/gcc/avr/7.2.0/../../../../avr/lib/avr5/libm.a(mulsf3x.o)
                              /usr/lib/gcc/avr/7.2.0/../../../../avr/lib/avr5/libm.a(mulsf3.o) (__mulsf3x)
/usr/lib/gcc/avr/7.2.0/../../../../avr/lib/avr5/libm.a(fp_cmp.o)
                              /usr/lib/gcc/avr/7.2.0/../../../../avr/lib/avr5/libm.a(gesf2.o) (__fp_cmp)

Memory Configuration

Name             Origin             Length             Attributes
text             0x0000000000000000 0x0000000000020000 xr
data             0x0000000000800060 0x000000000000ffa0 rw !x
eeprom           0x0000000000810000 0x0000000000010000 rw !x
fuse             0x0000000000820000 0x0000000000000003 rw !x
lock             0x0000000000830000 0x0000000000000400 rw !x
signature        0x0000000000840000 0x0000000000000400 rw !x
user_signatures  0x0000000000850000 0x0000000000000400 rw !x
*default*        0x0000000000000000 0xffffffffffffffff

Linker script and memory map

Address of section .data set to 0x800100
LOAD /usr/lib/gcc/avr/7.2.0/../../../../avr/lib/avr5/crtatmega324pa.o
LOAD Methode.o
LOAD /usr/lib/gcc/avr/7.2.0/../../../../avr/lib/avr5/libm.a
LOAD ../Librairie/libProject.a
START GROUP
LOAD /usr/lib/gcc/avr/7.2.0/avr5/libgcc.a
LOAD /usr/lib/gcc/avr/7.2.0/../../../../avr/lib/avr5/libm.a
LOAD /usr/lib/gcc/avr/7.2.0/../../../../avr/lib/avr5/libc.a
LOAD /usr/lib/gcc/avr/7.2.0/../../../../avr/lib/avr5/libatmega324pa.a
END GROUP
                0x0000000000020000                __TEXT_REGION_LENGTH__ = DEFINED (__TEXT_REGION_LENGTH__)?__TEXT_REGION_LENGTH__:0x20000
                0x000000000000ffa0                __DATA_REGION_LENGTH__ = DEFINED (__DATA_REGION_LENGTH__)?__DATA_REGION_LENGTH__:0xffa0
                0x0000000000010000                __EEPROM_REGION_LENGTH__ = DEFINED (__EEPROM_REGION_LENGTH__)?__EEPROM_REGION_LENGTH__:0x10000
                [0x0000000000000003]                __FUSE_REGION_LENGTH__ = DEFINED (__FUSE_REGION_LENGTH__)?__FUSE_REGION_LENGTH__:0x400
                0x0000000000000400                __LOCK_REGION_LENGTH__ = DEFINED (__LOCK_REGION_LENGTH__)?__LOCK_REGION_LENGTH__:0x400
                0x0000000000000400                __SIGNATURE_REGION_LENGTH__ = DEFINED (__SIGNATURE_REGION_LENGTH__)?__SIGNATURE_REGION_LENGTH__:0x400
                0x0000000000000400                __USER_SIGNATURE_REGION_LENGTH__ = DEFINED (__USER_SIGNATURE_REGION_LENGTH__)?__USER_SIGNATURE_REGION_LENGTH__:0x400

.hash
 *(.hash)

.dynsym
 *(.dynsym)

.dynstr
 *(.dynstr)

.gnu.version
 *(.gnu.version)

.gnu.version_d
 *(.gnu.version_d)

.gnu.version_r
 *(.gnu.version_r)

.rel.init
 *(.rel.init)

.rela.init
 *(.rela.init)

.rel.text
 *(.rel.text)
 *(.rel.text.*)
 *(.rel.gnu.linkonce.t*)

.rela.text
 *(.rela.text)
 *(.rela.text.*)
 *(.rela.gnu.linkonce.t*)

.rel.fini
 *(.rel.fini)

.rela.fini
 *(.rela.fini)

.rel.rodata
 *(.rel.rodata)
 *(.rel.rodata.*)
 *(.rel.gnu.linkonce.r*)

.rela.rodata
 *(.rela.rodata)
 *(.rela.rodata.*)
 *(.rela.gnu.linkonce.r*)

.rel.data
 *(.rel.data)
 *(.rel.data.*)
 *(.rel.gnu.linkonce.d*)

.rela.data
 *(.rela.data)
 *(.rela.data.*)
 *(.rela.gnu.linkonce.d*)

.rel.ctors
 *(.rel.ctors)

.rela.ctors
 *(.rela.ctors)

.rel.dtors
 *(.rel.dtors)

.rela.dtors
 *(.rela.dtors)

.rel.got
 *(.rel.got)

.rela.got
 *(.rela.got)

.rel.bss
 *(.rel.bss)

.rela.bss
 *(.rela.bss)

.rel.plt
 *(.rel.plt)

.rela.plt
 *(.rela.plt)

.text           0x0000000000000000     0x1104
 *(.vectors)
 .vectors       0x0000000000000000       0x7c /usr/lib/gcc/avr/7.2.0/../../../../avr/lib/avr5/crtatmega324pa.o
                0x0000000000000000                __vectors
                0x0000000000000000                __vector_default
 *(.vectors)
 *(.progmem.gcc*)
                0x000000000000007c                . = ALIGN (0x2)
                0x000000000000007c                __trampolines_start = .
 *(.trampolines)
 .trampolines   0x000000000000007c        0x0 linker stubs
 *(.trampolines*)
                0x000000000000007c                __trampolines_end = .
 *libprintf_flt.a:*(.progmem.data)
 *libc.a:*(.progmem.data)
 *(.progmem.*)
                0x000000000000007c                . = ALIGN (0x2)
 *(.lowtext)
 *(.lowtext*)
                0x000000000000007c                __ctors_start = .
 *(.ctors)
                0x000000000000007c                __ctors_end = .
                0x000000000000007c                __dtors_start = .
 *(.dtors)
                0x000000000000007c                __dtors_end = .
 SORT_BY_NAME(*)(.ctors)
 SORT_BY_NAME(*)(.dtors)
 *(.init0)
 .init0         0x000000000000007c        0x0 /usr/lib/gcc/avr/7.2.0/../../../../avr/lib/avr5/crtatmega324pa.o
                0x000000000000007c                __init
 *(.init0)
 *(.init1)
 *(.init1)
 *(.init2)
 .init2         0x000000000000007c        0xc /usr/lib/gcc/avr/7.2.0/../../../../avr/lib/avr5/crtatmega324pa.o
 *(.init2)
 *(.init3)
 *(.init3)
 *(.init4)
 .init4         0x0000000000000088       0x16 /usr/lib/gcc/avr/7.2.0/avr5/libgcc.a(_copy_data.o)
                0x0000000000000088                __do_copy_data
 .init4         0x000000000000009e       0x10 /usr/lib/gcc/avr/7.2.0/avr5/libgcc.a(_clear_bss.o)
                0x000000000000009e                __do_clear_bss
 *(.init4)
 *(.init5)
 *(.init5)
 *(.init6)
 *(.init6)
 *(.init7)
 *(.init7)
 *(.init8)
 *(.init8)
 *(.init9)
 .init9         0x00000000000000ae        0x8 /usr/lib/gcc/avr/7.2.0/../../../../avr/lib/avr5/crtatmega324pa.o
 *(.init9)
 *(.text)
 .text          0x00000000000000b6        0x4 /usr/lib/gcc/avr/7.2.0/../../../../avr/lib/avr5/crtatmega324pa.o
                0x00000000000000b6                __vector_22
                0x00000000000000b6                __vector_28
                0x00000000000000b6                __vector_1
                0x00000000000000b6                __vector_24
                0x00000000000000b6                __vector_12
                0x00000000000000b6                __bad_interrupt
                0x00000000000000b6                __vector_6
                0x00000000000000b6                __vector_3
                0x00000000000000b6                __vector_23
                0x00000000000000b6                __vector_30
                0x00000000000000b6                __vector_25
                0x00000000000000b6                __vector_11
                0x00000000000000b6                __vector_13
                0x00000000000000b6                __vector_17
                0x00000000000000b6                __vector_19
                0x00000000000000b6                __vector_7
                0x00000000000000b6                __vector_27
                0x00000000000000b6                __vector_5
                0x00000000000000b6                __vector_4
                0x00000000000000b6                __vector_9
                0x00000000000000b6                __vector_2
                0x00000000000000b6                __vector_21
                0x00000000000000b6                __vector_15
                0x00000000000000b6                __vector_29
                0x00000000000000b6                __vector_8
                0x00000000000000b6                __vector_26
                0x00000000000000b6                __vector_14
                0x00000000000000b6                __vector_10
                0x00000000000000b6                __vector_16
                0x00000000000000b6                __vector_18
                0x00000000000000b6                __vector_20
 .text          0x00000000000000ba      0x2fe Methode.o
                0x00000000000000ba                _Z3dbch
                0x00000000000000d8                _Z3fbcv
                0x0000000000000100                _Z3dbtv
                0x000000000000010a                _Z3atth
                0x0000000000000132                _Z3dalh
                0x0000000000000144                _Z3deth
                0x0000000000000150                _Z3marv
                0x000000000000015c                _Z3mavh
                0x000000000000017c                _Z3mreh
                0x00000000000001a0                _Z3trdv
                0x00000000000001ba                _Z3trgv
                0x00000000000001d4                _Z3sgoh
                0x000000000000031e                _Z3sarv
                0x000000000000032a                _Z3finv
                0x000000000000033e                _Z7effOperhh
 .text          0x00000000000003b8        0x0 /usr/lib/gcc/avr/7.2.0/../../../../avr/lib/avr5/libm.a(floatsisf.o)
 .text          0x00000000000003b8      0x352 ../Librairie/libProject.a(memoire_24.o)
                0x00000000000003b8                _ZN13Memoire24CXXXD2Ev
                0x00000000000003b8                _ZN13Memoire24CXXXD1Ev
                0x00000000000003ba                _ZN13Memoire24CXXX4initEv
                0x00000000000003cc                _ZN13Memoire24CXXXC2Ev
                0x00000000000003cc                _ZN13Memoire24CXXXC1Ev
                0x00000000000003d6                _ZN13Memoire24CXXX12choisir_bancEh
                0x00000000000003ec                _ZN13Memoire24CXXX7lectureEjPh
                0x00000000000004ae                _ZN13Memoire24CXXX7lectureEjPhh
                0x0000000000000576                _ZN13Memoire24CXXX8ecritureEjh
                0x0000000000000606                _ZN13Memoire24CXXX11ecrire_pageEjPhh
                0x00000000000006c4                _ZN13Memoire24CXXX8ecritureEjPhh
 .text          0x000000000000070a      0x44a ../Librairie/libProject.a(PWM.o)
                0x000000000000070a                _Z3majv
                0x000000000000083c                _Z5arretv
                0x0000000000000878                _Z12setPuissanced
                0x000000000000088c                _Z9accelererf
                0x00000000000008f2                _Z12tournerRayonfi
                0x00000000000009fc                _Z8attendrei
                0x0000000000000a1a                _Z12tournerDegreji
                0x0000000000000ad0                _Z14initialisationv
                0x0000000000000af2                _Z7setPWMAi
                0x0000000000000b02                _Z8clearPWMv
                0x0000000000000b08                _Z7setPWMBi
                0x0000000000000b18                _Z8setColori
                0x0000000000000b3a                _Z12verificationb
                0x0000000000000b4c                _Z11eteindreDelv
 .text          0x0000000000000b54        0x0 /usr/lib/gcc/avr/7.2.0/avr5/libgcc.a(_divmodhi4.o)
 .text          0x0000000000000b54        0x0 /usr/lib/gcc/avr/7.2.0/avr5/libgcc.a(_exit.o)
 .text          0x0000000000000b54        0x0 /usr/lib/gcc/avr/7.2.0/avr5/libgcc.a(_tablejump2.o)
 .text          0x0000000000000b54        0x0 /usr/lib/gcc/avr/7.2.0/avr5/libgcc.a(_copy_data.o)
 .text          0x0000000000000b54        0x0 /usr/lib/gcc/avr/7.2.0/avr5/libgcc.a(_clear_bss.o)
 .text          0x0000000000000b54        0x0 /usr/lib/gcc/avr/7.2.0/avr5/libgcc.a(_udivmodhi4.o)
 .text          0x0000000000000b54        0x0 /usr/lib/gcc/avr/7.2.0/../../../../avr/lib/avr5/libm.a(addsf3.o)
 .text          0x0000000000000b54        0x0 /usr/lib/gcc/avr/7.2.0/../../../../avr/lib/avr5/libm.a(addsf3x.o)
 .text          0x0000000000000b54        0x0 /usr/lib/gcc/avr/7.2.0/../../../../avr/lib/avr5/libm.a(divsf3.o)
 .text          0x0000000000000b54        0x0 /usr/lib/gcc/avr/7.2.0/../../../../avr/lib/avr5/libm.a(divsf3x.o)
 .text          0x0000000000000b54        0x0 /usr/lib/gcc/avr/7.2.0/../../../../avr/lib/avr5/libm.a(fixsfsi.o)
 .text          0x0000000000000b54        0x0 /usr/lib/gcc/avr/7.2.0/../../../../avr/lib/avr5/libm.a(fixunssfsi.o)
 .text          0x0000000000000b54        0x0 /usr/lib/gcc/avr/7.2.0/../../../../avr/lib/avr5/libm.a(fp_inf.o)
 .text          0x0000000000000b54        0x0 /usr/lib/gcc/avr/7.2.0/../../../../avr/lib/avr5/libm.a(fp_nan.o)
 .text          0x0000000000000b54        0x0 /usr/lib/gcc/avr/7.2.0/../../../../avr/lib/avr5/libm.a(fp_pscA.o)
 .text          0x0000000000000b54        0x0 /usr/lib/gcc/avr/7.2.0/../../../../avr/lib/avr5/libm.a(fp_pscB.o)
 .text          0x0000000000000b54        0x0 /usr/lib/gcc/avr/7.2.0/../../../../avr/lib/avr5/libm.a(fp_round.o)
 .text          0x0000000000000b54        0x0 /usr/lib/gcc/avr/7.2.0/../../../../avr/lib/avr5/libm.a(fp_split3.o)
 .text          0x0000000000000b54        0x0 /usr/lib/gcc/avr/7.2.0/../../../../avr/lib/avr5/libm.a(fp_zero.o)
 .text          0x0000000000000b54        0x0 /usr/lib/gcc/avr/7.2.0/../../../../avr/lib/avr5/libm.a(gesf2.o)
 .text          0x0000000000000b54        0x0 /usr/lib/gcc/avr/7.2.0/../../../../avr/lib/avr5/libm.a(mulsf3.o)
 .text          0x0000000000000b54        0x0 /usr/lib/gcc/avr/7.2.0/../../../../avr/lib/avr5/libm.a(mulsf3x.o)
 .text          0x0000000000000b54        0x0 /usr/lib/gcc/avr/7.2.0/../../../../avr/lib/avr5/libm.a(fp_cmp.o)
                0x0000000000000b54                . = ALIGN (0x2)
 *(.text.*)
 .text.startup  0x0000000000000b54       0xde Methode.o
                0x0000000000000b54                main
 .text.avr-libc.fplib
                0x0000000000000c32       0x7a /usr/lib/gcc/avr/7.2.0/../../../../avr/lib/avr5/libm.a(floatsisf.o)
                0x0000000000000c32                __floatunsisf
                0x0000000000000c36                __floatsisf
 .text.libgcc.mul
                0x0000000000000cac        0x0 /usr/lib/gcc/avr/7.2.0/avr5/libgcc.a(_divmodhi4.o)
 .text.libgcc.div
                0x0000000000000cac       0x28 /usr/lib/gcc/avr/7.2.0/avr5/libgcc.a(_divmodhi4.o)
                0x0000000000000cac                __divmodhi4
                0x0000000000000cac                _div
 .text.libgcc   0x0000000000000cd4        0x0 /usr/lib/gcc/avr/7.2.0/avr5/libgcc.a(_divmodhi4.o)
 .text.libgcc.prologue
                0x0000000000000cd4        0x0 /usr/lib/gcc/avr/7.2.0/avr5/libgcc.a(_divmodhi4.o)
 .text.libgcc.builtins
                0x0000000000000cd4        0x0 /usr/lib/gcc/avr/7.2.0/avr5/libgcc.a(_divmodhi4.o)
 .text.libgcc.fmul
                0x0000000000000cd4        0x0 /usr/lib/gcc/avr/7.2.0/avr5/libgcc.a(_divmodhi4.o)
 .text.libgcc.fixed
                0x0000000000000cd4        0x0 /usr/lib/gcc/avr/7.2.0/avr5/libgcc.a(_divmodhi4.o)
 .text.libgcc.mul
                0x0000000000000cd4        0x0 /usr/lib/gcc/avr/7.2.0/avr5/libgcc.a(_exit.o)
 .text.libgcc.div
                0x0000000000000cd4        0x0 /usr/lib/gcc/avr/7.2.0/avr5/libgcc.a(_exit.o)
 .text.libgcc   0x0000000000000cd4        0x0 /usr/lib/gcc/avr/7.2.0/avr5/libgcc.a(_exit.o)
 .text.libgcc.prologue
                0x0000000000000cd4        0x0 /usr/lib/gcc/avr/7.2.0/avr5/libgcc.a(_exit.o)
 .text.libgcc.builtins
                0x0000000000000cd4        0x0 /usr/lib/gcc/avr/7.2.0/avr5/libgcc.a(_exit.o)
 .text.libgcc.fmul
                0x0000000000000cd4        0x0 /usr/lib/gcc/avr/7.2.0/avr5/libgcc.a(_exit.o)
 .text.libgcc.fixed
                0x0000000000000cd4        0x0 /usr/lib/gcc/avr/7.2.0/avr5/libgcc.a(_exit.o)
 .text.libgcc.mul
                0x0000000000000cd4        0x0 /usr/lib/gcc/avr/7.2.0/avr5/libgcc.a(_tablejump2.o)
 .text.libgcc.div
                0x0000000000000cd4        0x0 /usr/lib/gcc/avr/7.2.0/avr5/libgcc.a(_tablejump2.o)
 .text.libgcc   0x0000000000000cd4        0xc /usr/lib/gcc/avr/7.2.0/avr5/libgcc.a(_tablejump2.o)
                0x0000000000000cd4                __tablejump2__
 .text.libgcc.prologue
                0x0000000000000ce0        0x0 /usr/lib/gcc/avr/7.2.0/avr5/libgcc.a(_tablejump2.o)
 .text.libgcc.builtins
                0x0000000000000ce0        0x0 /usr/lib/gcc/avr/7.2.0/avr5/libgcc.a(_tablejump2.o)
 .text.libgcc.fmul
                0x0000000000000ce0        0x0 /usr/lib/gcc/avr/7.2.0/avr5/libgcc.a(_tablejump2.o)
 .text.libgcc.fixed
                0x0000000000000ce0        0x0 /usr/lib/gcc/avr/7.2.0/avr5/libgcc.a(_tablejump2.o)
 .text.libgcc.mul
                0x0000000000000ce0        0x0 /usr/lib/gcc/avr/7.2.0/avr5/libgcc.a(_copy_data.o)
 .text.libgcc.div
                0x0000000000000ce0        0x0 /usr/lib/gcc/avr/7.2.0/avr5/libgcc.a(_copy_data.o)
 .text.libgcc   0x0000000000000ce0        0x0 /usr/lib/gcc/avr/7.2.0/avr5/libgcc.a(_copy_data.o)
 .text.libgcc.prologue
                0x0000000000000ce0        0x0 /usr/lib/gcc/avr/7.2.0/avr5/libgcc.a(_copy_data.o)
 .text.libgcc.builtins
                0x0000000000000ce0        0x0 /usr/lib/gcc/avr/7.2.0/avr5/libgcc.a(_copy_data.o)
 .text.libgcc.fmul
                0x0000000000000ce0        0x0 /usr/lib/gcc/avr/7.2.0/avr5/libgcc.a(_copy_data.o)
 .text.libgcc.fixed
                0x0000000000000ce0        0x0 /usr/lib/gcc/avr/7.2.0/avr5/libgcc.a(_copy_data.o)
 .text.libgcc.mul
                0x0000000000000ce0        0x0 /usr/lib/gcc/avr/7.2.0/avr5/libgcc.a(_clear_bss.o)
 .text.libgcc.div
                0x0000000000000ce0        0x0 /usr/lib/gcc/avr/7.2.0/avr5/libgcc.a(_clear_bss.o)
 .text.libgcc   0x0000000000000ce0        0x0 /usr/lib/gcc/avr/7.2.0/avr5/libgcc.a(_clear_bss.o)
 .text.libgcc.prologue
                0x0000000000000ce0        0x0 /usr/lib/gcc/avr/7.2.0/avr5/libgcc.a(_clear_bss.o)
 .text.libgcc.builtins
                0x0000000000000ce0        0x0 /usr/lib/gcc/avr/7.2.0/avr5/libgcc.a(_clear_bss.o)
 .text.libgcc.fmul
                0x0000000000000ce0        0x0 /usr/lib/gcc/avr/7.2.0/avr5/libgcc.a(_clear_bss.o)
 .text.libgcc.fixed
                0x0000000000000ce0        0x0 /usr/lib/gcc/avr/7.2.0/avr5/libgcc.a(_clear_bss.o)
 .text.libgcc.mul
                0x0000000000000ce0        0x0 /usr/lib/gcc/avr/7.2.0/avr5/libgcc.a(_udivmodhi4.o)
 .text.libgcc.div
                0x0000000000000ce0       0x28 /usr/lib/gcc/avr/7.2.0/avr5/libgcc.a(_udivmodhi4.o)
                0x0000000000000ce0                __udivmodhi4
 .text.libgcc   0x0000000000000d08        0x0 /usr/lib/gcc/avr/7.2.0/avr5/libgcc.a(_udivmodhi4.o)
 .text.libgcc.prologue
                0x0000000000000d08        0x0 /usr/lib/gcc/avr/7.2.0/avr5/libgcc.a(_udivmodhi4.o)
 .text.libgcc.builtins
                0x0000000000000d08        0x0 /usr/lib/gcc/avr/7.2.0/avr5/libgcc.a(_udivmodhi4.o)
 .text.libgcc.fmul
                0x0000000000000d08        0x0 /usr/lib/gcc/avr/7.2.0/avr5/libgcc.a(_udivmodhi4.o)
 .text.libgcc.fixed
                0x0000000000000d08        0x0 /usr/lib/gcc/avr/7.2.0/avr5/libgcc.a(_udivmodhi4.o)
 .text.avr-libc.fplib
                0x0000000000000d08        0xe /usr/lib/gcc/avr/7.2.0/../../../../avr/lib/avr5/libm.a(addsf3.o)
                0x0000000000000d08                __subsf3
                0x0000000000000d0a                __addsf3
 .text.avr-libc.fplib
                0x0000000000000d16       0xcc /usr/lib/gcc/avr/7.2.0/../../../../avr/lib/avr5/libm.a(addsf3x.o)
                0x0000000000000d38                __addsf3x
 .text.avr-libc.fplib
                0x0000000000000de2        0x8 /usr/lib/gcc/avr/7.2.0/../../../../avr/lib/avr5/libm.a(divsf3.o)
                0x0000000000000de2                __divsf3
 .text.avr-libc.fplib
                0x0000000000000dea       0xdc /usr/lib/gcc/avr/7.2.0/../../../../avr/lib/avr5/libm.a(divsf3x.o)
                0x0000000000000e0a                __divsf3x
                0x0000000000000e10                __divsf3_pse
 .text.avr-libc.fplib
                0x0000000000000ec6        0xe /usr/lib/gcc/avr/7.2.0/../../../../avr/lib/avr5/libm.a(fixsfsi.o)
                0x0000000000000ec6                __fixsfsi
 .text.avr-libc.fplib
                0x0000000000000ed4       0x5e /usr/lib/gcc/avr/7.2.0/../../../../avr/lib/avr5/libm.a(fixunssfsi.o)
                0x0000000000000ed4                __fixunssfsi
 .text.avr-libc.fplib
                0x0000000000000f32        0xc /usr/lib/gcc/avr/7.2.0/../../../../avr/lib/avr5/libm.a(fp_inf.o)
                0x0000000000000f32                __fp_inf
 .text.avr-libc.fplib
                0x0000000000000f3e        0x6 /usr/lib/gcc/avr/7.2.0/../../../../avr/lib/avr5/libm.a(fp_nan.o)
                0x0000000000000f3e                __fp_nan
 .text.avr-libc.fplib
                0x0000000000000f44        0xe /usr/lib/gcc/avr/7.2.0/../../../../avr/lib/avr5/libm.a(fp_pscA.o)
                0x0000000000000f44                __fp_pscA
 .text.avr-libc.fplib
                0x0000000000000f52        0xe /usr/lib/gcc/avr/7.2.0/../../../../avr/lib/avr5/libm.a(fp_pscB.o)
                0x0000000000000f52                __fp_pscB
 .text.avr-libc.fplib
                0x0000000000000f60       0x22 /usr/lib/gcc/avr/7.2.0/../../../../avr/lib/avr5/libm.a(fp_round.o)
                0x0000000000000f60                __fp_round
 .text.avr-libc.fplib
                0x0000000000000f82       0x44 /usr/lib/gcc/avr/7.2.0/../../../../avr/lib/avr5/libm.a(fp_split3.o)
                0x0000000000000f82                __fp_split3
                0x0000000000000f92                __fp_splitA
 .text.avr-libc.fplib
                0x0000000000000fc6        0xe /usr/lib/gcc/avr/7.2.0/../../../../avr/lib/avr5/libm.a(fp_zero.o)
                0x0000000000000fc6                __fp_zero
                0x0000000000000fc8                __fp_szero
 .text.avr-libc.fplib
                0x0000000000000fd4        0xa /usr/lib/gcc/avr/7.2.0/../../../../avr/lib/avr5/libm.a(gesf2.o)
                0x0000000000000fd4                __gtsf2
                0x0000000000000fd4                __gesf2
 .text.avr-libc.fplib
                0x0000000000000fde        0x8 /usr/lib/gcc/avr/7.2.0/../../../../avr/lib/avr5/libm.a(mulsf3.o)
                0x0000000000000fde                __mulsf3
 .text.avr-libc.fplib
                0x0000000000000fe6       0xd2 /usr/lib/gcc/avr/7.2.0/../../../../avr/lib/avr5/libm.a(mulsf3x.o)
                0x0000000000001004                __mulsf3x
                0x000000000000100a                __mulsf3_pse
 .text.avr-libc.fplib
                0x00000000000010b8       0x48 /usr/lib/gcc/avr/7.2.0/../../../../avr/lib/avr5/libm.a(fp_cmp.o)
                0x00000000000010b8                __fp_cmp
                0x0000000000001100                . = ALIGN (0x2)
 *(.fini9)
 .fini9         0x0000000000001100        0x0 /usr/lib/gcc/avr/7.2.0/avr5/libgcc.a(_exit.o)
                0x0000000000001100                exit
                0x0000000000001100                _exit
 *(.fini9)
 *(.fini8)
 *(.fini8)
 *(.fini7)
 *(.fini7)
 *(.fini6)
 *(.fini6)
 *(.fini5)
 *(.fini5)
 *(.fini4)
 *(.fini4)
 *(.fini3)
 *(.fini3)
 *(.fini2)
 *(.fini2)
 *(.fini1)
 *(.fini1)
 *(.fini0)
 .fini0         0x0000000000001100        0x4 /usr/lib/gcc/avr/7.2.0/avr5/libgcc.a(_exit.o)
 *(.fini0)
 *(.hightext)
 *(.hightext*)
 *(.progmemx.*)
                0x0000000000001104                . = ALIGN (0x2)
 *(.jumptables)
 *(.jumptables*)
                0x0000000000001104                _etext = .

.data           0x0000000000800100       0x10 load address 0x0000000000001104
                0x0000000000800100                PROVIDE (__data_start = .)
 *(.data)
 .data          0x0000000000800100        0x0 /usr/lib/gcc/avr/7.2.0/../../../../avr/lib/avr5/crtatmega324pa.o
 .data          0x0000000000800100        0x0 Methode.o
 .data          0x0000000000800100        0x0 /usr/lib/gcc/avr/7.2.0/../../../../avr/lib/avr5/libm.a(floatsisf.o)
 .data          0x0000000000800100        0x1 ../Librairie/libProject.a(memoire_24.o)
                0x0000000000800100                _ZN13Memoire24CXXX22m_adresse_peripheriqueE
 .data          0x0000000000800101        0x8 ../Librairie/libProject.a(PWM.o)
                0x0000000000800101                rB
                0x0000000000800105                rA
 .data          0x0000000000800109        0x0 /usr/lib/gcc/avr/7.2.0/avr5/libgcc.a(_divmodhi4.o)
 .data          0x0000000000800109        0x0 /usr/lib/gcc/avr/7.2.0/avr5/libgcc.a(_exit.o)
 .data          0x0000000000800109        0x0 /usr/lib/gcc/avr/7.2.0/avr5/libgcc.a(_tablejump2.o)
 .data          0x0000000000800109        0x0 /usr/lib/gcc/avr/7.2.0/avr5/libgcc.a(_copy_data.o)
 .data          0x0000000000800109        0x0 /usr/lib/gcc/avr/7.2.0/avr5/libgcc.a(_clear_bss.o)
 .data          0x0000000000800109        0x0 /usr/lib/gcc/avr/7.2.0/avr5/libgcc.a(_udivmodhi4.o)
 .data          0x0000000000800109        0x0 /usr/lib/gcc/avr/7.2.0/../../../../avr/lib/avr5/libm.a(addsf3.o)
 .data          0x0000000000800109        0x0 /usr/lib/gcc/avr/7.2.0/../../../../avr/lib/avr5/libm.a(addsf3x.o)
 .data          0x0000000000800109        0x0 /usr/lib/gcc/avr/7.2.0/../../../../avr/lib/avr5/libm.a(divsf3.o)
 .data          0x0000000000800109        0x0 /usr/lib/gcc/avr/7.2.0/../../../../avr/lib/avr5/libm.a(divsf3x.o)
 .data          0x0000000000800109        0x0 /usr/lib/gcc/avr/7.2.0/../../../../avr/lib/avr5/libm.a(fixsfsi.o)
 .data          0x0000000000800109        0x0 /usr/lib/gcc/avr/7.2.0/../../../../avr/lib/avr5/libm.a(fixunssfsi.o)
 .data          0x0000000000800109        0x0 /usr/lib/gcc/avr/7.2.0/../../../../avr/lib/avr5/libm.a(fp_inf.o)
 .data          0x0000000000800109        0x0 /usr/lib/gcc/avr/7.2.0/../../../../avr/lib/avr5/libm.a(fp_nan.o)
 .data          0x0000000000800109        0x0 /usr/lib/gcc/avr/7.2.0/../../../../avr/lib/avr5/libm.a(fp_pscA.o)
 .data          0x0000000000800109        0x0 /usr/lib/gcc/avr/7.2.0/../../../../avr/lib/avr5/libm.a(fp_pscB.o)
 .data          0x0000000000800109        0x0 /usr/lib/gcc/avr/7.2.0/../../../../avr/lib/avr5/libm.a(fp_round.o)
 .data          0x0000000000800109        0x0 /usr/lib/gcc/avr/7.2.0/../../../../avr/lib/avr5/libm.a(fp_split3.o)
 .data          0x0000000000800109        0x0 /usr/lib/gcc/avr/7.2.0/../../../../avr/lib/avr5/libm.a(fp_zero.o)
 .data          0x0000000000800109        0x0 /usr/lib/gcc/avr/7.2.0/../../../../avr/lib/avr5/libm.a(gesf2.o)
 .data          0x0000000000800109        0x0 /usr/lib/gcc/avr/7.2.0/../../../../avr/lib/avr5/libm.a(mulsf3.o)
 .data          0x0000000000800109        0x0 /usr/lib/gcc/avr/7.2.0/../../../../avr/lib/avr5/libm.a(mulsf3x.o)
 .data          0x0000000000800109        0x0 /usr/lib/gcc/avr/7.2.0/../../../../avr/lib/avr5/libm.a(fp_cmp.o)
 *(.data*)
 *(.gnu.linkonce.d*)
 *(.rodata)
 .rodata        0x0000000000800109        0x6 ../Librairie/libProject.a(PWM.o)
                0x0000000000800109                GAUCHE
                0x000000000080010b                DROITE
                0x000000000080010d                CENTRE
 *(.rodata*)
 *(.gnu.linkonce.r*)
                0x0000000000800110                . = ALIGN (0x2)
 *fill*         0x000000000080010f        0x1 
                0x0000000000800110                _edata = .
                0x0000000000800110                PROVIDE (__data_end = .)

.bss            0x0000000000800110       0x12
                0x0000000000800110                PROVIDE (__bss_start = .)
 *(.bss)
 .bss           0x0000000000800110        0x0 /usr/lib/gcc/avr/7.2.0/../../../../avr/lib/avr5/crtatmega324pa.o
 .bss           0x0000000000800110        0x6 Methode.o
                0x0000000000800110                adress
                0x0000000000800112                adressMemTemp
                0x0000000000800114                increment
                0x0000000000800115                allumer
 .bss           0x0000000000800116        0x0 /usr/lib/gcc/avr/7.2.0/../../../../avr/lib/avr5/libm.a(floatsisf.o)
 .bss           0x0000000000800116        0x0 ../Librairie/libProject.a(memoire_24.o)
 .bss           0x0000000000800116        0xc ../Librairie/libProject.a(PWM.o)
                0x0000000000800116                puissance
                0x000000000080011a                b
                0x000000000080011e                a
 .bss           0x0000000000800122        0x0 /usr/lib/gcc/avr/7.2.0/avr5/libgcc.a(_divmodhi4.o)
 .bss           0x0000000000800122        0x0 /usr/lib/gcc/avr/7.2.0/avr5/libgcc.a(_exit.o)
 .bss           0x0000000000800122        0x0 /usr/lib/gcc/avr/7.2.0/avr5/libgcc.a(_tablejump2.o)
 .bss           0x0000000000800122        0x0 /usr/lib/gcc/avr/7.2.0/avr5/libgcc.a(_copy_data.o)
 .bss           0x0000000000800122        0x0 /usr/lib/gcc/avr/7.2.0/avr5/libgcc.a(_clear_bss.o)
 .bss           0x0000000000800122        0x0 /usr/lib/gcc/avr/7.2.0/avr5/libgcc.a(_udivmodhi4.o)
 .bss           0x0000000000800122        0x0 /usr/lib/gcc/avr/7.2.0/../../../../avr/lib/avr5/libm.a(addsf3.o)
 .bss           0x0000000000800122        0x0 /usr/lib/gcc/avr/7.2.0/../../../../avr/lib/avr5/libm.a(addsf3x.o)
 .bss           0x0000000000800122        0x0 /usr/lib/gcc/avr/7.2.0/../../../../avr/lib/avr5/libm.a(divsf3.o)
 .bss           0x0000000000800122        0x0 /usr/lib/gcc/avr/7.2.0/../../../../avr/lib/avr5/libm.a(divsf3x.o)
 .bss           0x0000000000800122        0x0 /usr/lib/gcc/avr/7.2.0/../../../../avr/lib/avr5/libm.a(fixsfsi.o)
 .bss           0x0000000000800122        0x0 /usr/lib/gcc/avr/7.2.0/../../../../avr/lib/avr5/libm.a(fixunssfsi.o)
 .bss           0x0000000000800122        0x0 /usr/lib/gcc/avr/7.2.0/../../../../avr/lib/avr5/libm.a(fp_inf.o)
 .bss           0x0000000000800122        0x0 /usr/lib/gcc/avr/7.2.0/../../../../avr/lib/avr5/libm.a(fp_nan.o)
 .bss           0x0000000000800122        0x0 /usr/lib/gcc/avr/7.2.0/../../../../avr/lib/avr5/libm.a(fp_pscA.o)
 .bss           0x0000000000800122        0x0 /usr/lib/gcc/avr/7.2.0/../../../../avr/lib/avr5/libm.a(fp_pscB.o)
 .bss           0x0000000000800122        0x0 /usr/lib/gcc/avr/7.2.0/../../../../avr/lib/avr5/libm.a(fp_round.o)
 .bss           0x0000000000800122        0x0 /usr/lib/gcc/avr/7.2.0/../../../../avr/lib/avr5/libm.a(fp_split3.o)
 .bss           0x0000000000800122        0x0 /usr/lib/gcc/avr/7.2.0/../../../../avr/lib/avr5/libm.a(fp_zero.o)
 .bss           0x0000000000800122        0x0 /usr/lib/gcc/avr/7.2.0/../../../../avr/lib/avr5/libm.a(gesf2.o)
 .bss           0x0000000000800122        0x0 /usr/lib/gcc/avr/7.2.0/../../../../avr/lib/avr5/libm.a(mulsf3.o)
 .bss           0x0000000000800122        0x0 /usr/lib/gcc/avr/7.2.0/../../../../avr/lib/avr5/libm.a(mulsf3x.o)
 .bss           0x0000000000800122        0x0 /usr/lib/gcc/avr/7.2.0/../../../../avr/lib/avr5/libm.a(fp_cmp.o)
 *(.bss*)
 *(COMMON)
                0x0000000000800122                PROVIDE (__bss_end = .)
                0x0000000000001104                __data_load_start = LOADADDR (.data)
                0x0000000000001114                __data_load_end = (__data_load_start + SIZEOF (.data))

.noinit         0x0000000000800122        0x0
                [!provide]                        PROVIDE (__noinit_start = .)
 *(.noinit*)
                [!provide]                        PROVIDE (__noinit_end = .)
                0x0000000000800122                _end = .
                [!provide]                        PROVIDE (__heap_start = .)

.eeprom         0x0000000000810000        0x0
 *(.eeprom*)
                0x0000000000810000                __eeprom_end = .

.fuse
 *(.fuse)
 *(.lfuse)
 *(.hfuse)
 *(.efuse)

.lock
 *(.lock*)

.signature
 *(.signature*)

.stab           0x0000000000000000     0x3144
 *(.stab)
 .stab          0x0000000000000000      0xf78 Methode.o
 .stab          0x0000000000000f78      0xec4 ../Librairie/libProject.a(memoire_24.o)
                                        0xed0 (size before relaxing)
 .stab          0x0000000000001e3c      0xde0 ../Librairie/libProject.a(PWM.o)
                                        0xdec (size before relaxing)
 .stab          0x0000000000002c1c      0x138 /usr/lib/gcc/avr/7.2.0/avr5/libgcc.a(_divmodhi4.o)
                                        0x144 (size before relaxing)
 .stab          0x0000000000002d54       0x6c /usr/lib/gcc/avr/7.2.0/avr5/libgcc.a(_exit.o)
                                         0x78 (size before relaxing)
 .stab          0x0000000000002dc0       0x9c /usr/lib/gcc/avr/7.2.0/avr5/libgcc.a(_tablejump2.o)
                                         0xa8 (size before relaxing)
 .stab          0x0000000000002e5c       0xd8 /usr/lib/gcc/avr/7.2.0/avr5/libgcc.a(_copy_data.o)
                                         0xe4 (size before relaxing)
 .stab          0x0000000000002f34       0xb4 /usr/lib/gcc/avr/7.2.0/avr5/libgcc.a(_clear_bss.o)
                                         0xc0 (size before relaxing)
 .stab          0x0000000000002fe8      0x15c /usr/lib/gcc/avr/7.2.0/avr5/libgcc.a(_udivmodhi4.o)
                                        0x168 (size before relaxing)

.stabstr        0x0000000000000000     0x19ad
 *(.stabstr)
 .stabstr       0x0000000000000000     0x19ad Methode.o

.stab.excl
 *(.stab.excl)

.stab.exclstr
 *(.stab.exclstr)

.stab.index
 *(.stab.index)

.stab.indexstr
 *(.stab.indexstr)

.comment        0x0000000000000000       0x21
 *(.comment)
 .comment       0x0000000000000000       0x21 Methode.o
                                         0x22 (size before relaxing)
 .comment       0x0000000000000021       0x22 ../Librairie/libProject.a(memoire_24.o)
 .comment       0x0000000000000021       0x22 ../Librairie/libProject.a(PWM.o)

.note.gnu.avr.deviceinfo
                0x0000000000000000       0x40
 .note.gnu.avr.deviceinfo
                0x0000000000000000       0x40 /usr/lib/gcc/avr/7.2.0/../../../../avr/lib/avr5/crtatmega324pa.o

.avr.prop       0x0000000000000000       0x16
 .avr.prop      0x0000000000000000       0x16 Methode.o

.note.gnu.build-id
 *(.note.gnu.build-id)

.debug
 *(.debug)

.line
 *(.line)

.debug_srcinfo
 *(.debug_srcinfo)

.debug_sfnames
 *(.debug_sfnames)

.debug_aranges
 *(.debug_aranges)

.debug_pubnames
 *(.debug_pubnames)

.debug_info     0x0000000000000000      0x6cc
 *(.debug_info .gnu.linkonce.wi.*)
 .debug_info    0x0000000000000000      0x6cc /usr/lib/gcc/avr/7.2.0/../../../../avr/lib/avr5/crtatmega324pa.o

.debug_abbrev   0x0000000000000000      0x66e
 *(.debug_abbrev)
 .debug_abbrev  0x0000000000000000      0x66e /usr/lib/gcc/avr/7.2.0/../../../../avr/lib/avr5/crtatmega324pa.o

.debug_line     0x0000000000000000       0x1d
 *(.debug_line .debug_line.* .debug_line_end)
 .debug_line    0x0000000000000000       0x1d /usr/lib/gcc/avr/7.2.0/../../../../avr/lib/avr5/crtatmega324pa.o

.debug_frame
 *(.debug_frame)

.debug_str      0x0000000000000000      0x255
 *(.debug_str)
 .debug_str     0x0000000000000000      0x255 /usr/lib/gcc/avr/7.2.0/../../../../avr/lib/avr5/crtatmega324pa.o

.debug_loc
 *(.debug_loc)

.debug_macinfo
 *(.debug_macinfo)

.debug_weaknames
 *(.debug_weaknames)

.debug_funcnames
 *(.debug_funcnames)

.debug_typenames
 *(.debug_typenames)

.debug_varnames
 *(.debug_varnames)

.debug_pubtypes
 *(.debug_pubtypes)

.debug_ranges
 *(.debug_ranges)

.debug_macro
 *(.debug_macro)

.debug_addr
 *(.debug_addr)
OUTPUT(machineVirtuelle.out elf32-avr)
LOAD linker stubs
