Archive member included to satisfy reference by file (symbol)

../librairie/library.a(sonorite.o)
                              LecExec.o (_ZN8SONORITEC1Ev)
../librairie/library.a(communication.o)
                              LecExec.o (_Z8attendrej)
../librairie/library.a(roues.o)
                              LecExec.o (_ZN5Roues15ajustementRouesEhh9Direction)
../librairie/library.a(memoire_24.o)
                              LecExec.o (_ZN13Memoire24CXXXD1Ev)
../librairie/library.a(DEL.o)
                              LecExec.o (_ZN3DEL10allumerDELEh)
../librairie/library.a(UART.o)
                              LecExec.o (_ZN4UART18initialisationUARTEv)
/usr/lib/gcc/avr/9.2.0/avr5/libgcc.a(_exit.o)
                              /usr/lib/gcc/avr/9.2.0/../../../../avr/lib/avr5/crtatmega324pa.o (exit)
/usr/lib/gcc/avr/9.2.0/avr5/libgcc.a(_copy_data.o)
                              ../librairie/library.a(memoire_24.o) (__do_copy_data)
/usr/lib/gcc/avr/9.2.0/avr5/libgcc.a(_clear_bss.o)
                              LecExec.o (__do_clear_bss)
/usr/lib/gcc/avr/9.2.0/avr5/libgcc.a(_ctors.o)
                              LecExec.o (__do_global_ctors)
/usr/lib/gcc/avr/9.2.0/avr5/libgcc.a(_dtors.o)
                              LecExec.o (__do_global_dtors)
/usr/lib/gcc/avr/9.2.0/avr5/libgcc.a(_tablejump2.o)
                              /usr/lib/gcc/avr/9.2.0/avr5/libgcc.a(_ctors.o) (__tablejump2__)
/usr/lib/gcc/avr/9.2.0/../../../../avr/lib/avr5/libm.a(addsf3.o)
                              ../librairie/library.a(sonorite.o) (__subsf3)
/usr/lib/gcc/avr/9.2.0/../../../../avr/lib/avr5/libm.a(addsf3x.o)
                              /usr/lib/gcc/avr/9.2.0/../../../../avr/lib/avr5/libm.a(addsf3.o) (__addsf3x)
/usr/lib/gcc/avr/9.2.0/../../../../avr/lib/avr5/libm.a(divsf3.o)
                              ../librairie/library.a(sonorite.o) (__divsf3)
/usr/lib/gcc/avr/9.2.0/../../../../avr/lib/avr5/libm.a(divsf3x.o)
                              /usr/lib/gcc/avr/9.2.0/../../../../avr/lib/avr5/libm.a(divsf3.o) (__divsf3x)
/usr/lib/gcc/avr/9.2.0/../../../../avr/lib/avr5/libm.a(fixunssfsi.o)
                              ../librairie/library.a(sonorite.o) (__fixunssfsi)
/usr/lib/gcc/avr/9.2.0/../../../../avr/lib/avr5/libm.a(floatsisf.o)
                              ../librairie/library.a(sonorite.o) (__floatsisf)
/usr/lib/gcc/avr/9.2.0/../../../../avr/lib/avr5/libm.a(fp_inf.o)
                              /usr/lib/gcc/avr/9.2.0/../../../../avr/lib/avr5/libm.a(addsf3x.o) (__fp_inf)
/usr/lib/gcc/avr/9.2.0/../../../../avr/lib/avr5/libm.a(fp_nan.o)
                              /usr/lib/gcc/avr/9.2.0/../../../../avr/lib/avr5/libm.a(addsf3x.o) (__fp_nan)
/usr/lib/gcc/avr/9.2.0/../../../../avr/lib/avr5/libm.a(fp_pscA.o)
                              /usr/lib/gcc/avr/9.2.0/../../../../avr/lib/avr5/libm.a(addsf3x.o) (__fp_pscA)
/usr/lib/gcc/avr/9.2.0/../../../../avr/lib/avr5/libm.a(fp_pscB.o)
                              /usr/lib/gcc/avr/9.2.0/../../../../avr/lib/avr5/libm.a(addsf3x.o) (__fp_pscB)
/usr/lib/gcc/avr/9.2.0/../../../../avr/lib/avr5/libm.a(fp_round.o)
                              /usr/lib/gcc/avr/9.2.0/../../../../avr/lib/avr5/libm.a(addsf3.o) (__fp_round)
/usr/lib/gcc/avr/9.2.0/../../../../avr/lib/avr5/libm.a(fp_split3.o)
                              /usr/lib/gcc/avr/9.2.0/../../../../avr/lib/avr5/libm.a(addsf3x.o) (__fp_split3)
/usr/lib/gcc/avr/9.2.0/../../../../avr/lib/avr5/libm.a(fp_zero.o)
                              /usr/lib/gcc/avr/9.2.0/../../../../avr/lib/avr5/libm.a(addsf3x.o) (__fp_zero)
/usr/lib/gcc/avr/9.2.0/../../../../avr/lib/avr5/libm.a(mulsf3.o)
                              ../librairie/library.a(sonorite.o) (__mulsf3)
/usr/lib/gcc/avr/9.2.0/../../../../avr/lib/avr5/libm.a(mulsf3x.o)
                              /usr/lib/gcc/avr/9.2.0/../../../../avr/lib/avr5/libm.a(mulsf3.o) (__mulsf3x)
/usr/lib/gcc/avr/9.2.0/../../../../avr/lib/avr5/libm.a(pow.o)
                              ../librairie/library.a(sonorite.o) (pow)
/usr/lib/gcc/avr/9.2.0/../../../../avr/lib/avr5/libm.a(exp.o)
                              /usr/lib/gcc/avr/9.2.0/../../../../avr/lib/avr5/libm.a(pow.o) (exp)
/usr/lib/gcc/avr/9.2.0/../../../../avr/lib/avr5/libm.a(fp_powser.o)
                              /usr/lib/gcc/avr/9.2.0/../../../../avr/lib/avr5/libm.a(exp.o) (__fp_powser)
/usr/lib/gcc/avr/9.2.0/../../../../avr/lib/avr5/libm.a(inverse.o)
                              /usr/lib/gcc/avr/9.2.0/../../../../avr/lib/avr5/libm.a(exp.o) (inverse)
/usr/lib/gcc/avr/9.2.0/../../../../avr/lib/avr5/libm.a(ldexp.o)
                              /usr/lib/gcc/avr/9.2.0/../../../../avr/lib/avr5/libm.a(exp.o) (ldexp)
/usr/lib/gcc/avr/9.2.0/../../../../avr/lib/avr5/libm.a(log.o)
                              /usr/lib/gcc/avr/9.2.0/../../../../avr/lib/avr5/libm.a(pow.o) (log)
/usr/lib/gcc/avr/9.2.0/../../../../avr/lib/avr5/libm.a(modf.o)
                              /usr/lib/gcc/avr/9.2.0/../../../../avr/lib/avr5/libm.a(exp.o) (modf)
/usr/lib/gcc/avr/9.2.0/../../../../avr/lib/avr5/libm.a(fp_mpack.o)
                              /usr/lib/gcc/avr/9.2.0/../../../../avr/lib/avr5/libm.a(ldexp.o) (__fp_mpack)

Memory Configuration

Name             Origin             Length             Attributes
text             0x0000000000000000 0x0000000000020000 xr
data             0x0000000000800060 0x000000000000ffa0 rw !x
eeprom           0x0000000000810000 0x0000000000010000 rw !x
fuse             0x0000000000820000 0x0000000000000003 rw !x
lock             0x0000000000830000 0x0000000000000400 rw !x
signature        0x0000000000840000 0x0000000000000400 rw !x
user_signatures  0x0000000000850000 0x0000000000000400 rw !x
*default*        0x0000000000000000 0xffffffffffffffff

Linker script and memory map

Address of section .data set to 0x800100
LOAD /usr/lib/gcc/avr/9.2.0/../../../../avr/lib/avr5/crtatmega324pa.o
LOAD LecExec.o
LOAD /usr/lib/gcc/avr/9.2.0/../../../../avr/lib/avr5/libm.a
LOAD ../librairie/library.a
START GROUP
LOAD /usr/lib/gcc/avr/9.2.0/avr5/libgcc.a
LOAD /usr/lib/gcc/avr/9.2.0/../../../../avr/lib/avr5/libm.a
LOAD /usr/lib/gcc/avr/9.2.0/../../../../avr/lib/avr5/libc.a
LOAD /usr/lib/gcc/avr/9.2.0/../../../../avr/lib/avr5/libatmega324pa.a
END GROUP
                0x0000000000020000                __TEXT_REGION_LENGTH__ = DEFINED (__TEXT_REGION_LENGTH__)?__TEXT_REGION_LENGTH__:0x20000
                0x000000000000ffa0                __DATA_REGION_LENGTH__ = DEFINED (__DATA_REGION_LENGTH__)?__DATA_REGION_LENGTH__:0xffa0
                0x0000000000010000                __EEPROM_REGION_LENGTH__ = DEFINED (__EEPROM_REGION_LENGTH__)?__EEPROM_REGION_LENGTH__:0x10000
                [0x0000000000000003]                __FUSE_REGION_LENGTH__ = DEFINED (__FUSE_REGION_LENGTH__)?__FUSE_REGION_LENGTH__:0x400
                0x0000000000000400                __LOCK_REGION_LENGTH__ = DEFINED (__LOCK_REGION_LENGTH__)?__LOCK_REGION_LENGTH__:0x400
                0x0000000000000400                __SIGNATURE_REGION_LENGTH__ = DEFINED (__SIGNATURE_REGION_LENGTH__)?__SIGNATURE_REGION_LENGTH__:0x400
                0x0000000000000400                __USER_SIGNATURE_REGION_LENGTH__ = DEFINED (__USER_SIGNATURE_REGION_LENGTH__)?__USER_SIGNATURE_REGION_LENGTH__:0x400

.hash
 *(.hash)

.dynsym
 *(.dynsym)

.dynstr
 *(.dynstr)

.gnu.version
 *(.gnu.version)

.gnu.version_d
 *(.gnu.version_d)

.gnu.version_r
 *(.gnu.version_r)

.rel.init
 *(.rel.init)

.rela.init
 *(.rela.init)

.rel.text
 *(.rel.text)
 *(.rel.text.*)
 *(.rel.gnu.linkonce.t*)

.rela.text
 *(.rela.text)
 *(.rela.text.*)
 *(.rela.gnu.linkonce.t*)

.rel.fini
 *(.rel.fini)

.rela.fini
 *(.rela.fini)

.rel.rodata
 *(.rel.rodata)
 *(.rel.rodata.*)
 *(.rel.gnu.linkonce.r*)

.rela.rodata
 *(.rela.rodata)
 *(.rela.rodata.*)
 *(.rela.gnu.linkonce.r*)

.rel.data
 *(.rel.data)
 *(.rel.data.*)
 *(.rel.gnu.linkonce.d*)

.rela.data
 *(.rela.data)
 *(.rela.data.*)
 *(.rela.gnu.linkonce.d*)

.rel.ctors
 *(.rel.ctors)

.rela.ctors
 *(.rela.ctors)

.rel.dtors
 *(.rel.dtors)

.rela.dtors
 *(.rela.dtors)

.rel.got
 *(.rel.got)

.rela.got
 *(.rela.got)

.rel.bss
 *(.rel.bss)

.rela.bss
 *(.rela.bss)

.rel.plt
 *(.rel.plt)

.rela.plt
 *(.rela.plt)

.text           0x0000000000000000     0x1970
 *(.vectors)
 .vectors       0x0000000000000000       0x7c /usr/lib/gcc/avr/9.2.0/../../../../avr/lib/avr5/crtatmega324pa.o
                0x0000000000000000                __vectors
                0x0000000000000000                __vector_default
 *(.vectors)
 *(.progmem.gcc*)
 .progmem.gcc_fplib
                0x000000000000007c       0x28 /usr/lib/gcc/avr/9.2.0/../../../../avr/lib/avr5/libm.a(exp.o)
 .progmem.gcc_fplib
                0x00000000000000a4       0x5a /usr/lib/gcc/avr/9.2.0/../../../../avr/lib/avr5/libm.a(log.o)
                0x00000000000000fe                . = ALIGN (0x2)
                0x00000000000000fe                __trampolines_start = .
 *(.trampolines)
 .trampolines   0x00000000000000fe        0x0 linker stubs
 *(.trampolines*)
                0x00000000000000fe                __trampolines_end = .
 *libprintf_flt.a:*(.progmem.data)
 *libc.a:*(.progmem.data)
 *(.progmem.*)
                0x00000000000000fe                . = ALIGN (0x2)
 *(.lowtext)
 *(.lowtext*)
                0x00000000000000fe                __ctors_start = .
 *(.ctors)
 .ctors         0x00000000000000fe        0x2 LecExec.o
                0x0000000000000100                __ctors_end = .
                0x0000000000000100                __dtors_start = .
 *(.dtors)
 .dtors         0x0000000000000100        0x2 LecExec.o
                0x0000000000000102                __dtors_end = .
 SORT_BY_NAME(*)(.ctors)
 SORT_BY_NAME(*)(.dtors)
 *(.init0)
 .init0         0x0000000000000102        0x0 /usr/lib/gcc/avr/9.2.0/../../../../avr/lib/avr5/crtatmega324pa.o
                0x0000000000000102                __init
 *(.init0)
 *(.init1)
 *(.init1)
 *(.init2)
 .init2         0x0000000000000102        0xc /usr/lib/gcc/avr/9.2.0/../../../../avr/lib/avr5/crtatmega324pa.o
 *(.init2)
 *(.init3)
 *(.init3)
 *(.init4)
 .init4         0x000000000000010e       0x16 /usr/lib/gcc/avr/9.2.0/avr5/libgcc.a(_copy_data.o)
                0x000000000000010e                __do_copy_data
 .init4         0x0000000000000124       0x10 /usr/lib/gcc/avr/9.2.0/avr5/libgcc.a(_clear_bss.o)
                0x0000000000000124                __do_clear_bss
 *(.init4)
 *(.init5)
 *(.init5)
 *(.init6)
 .init6         0x0000000000000134       0x16 /usr/lib/gcc/avr/9.2.0/avr5/libgcc.a(_ctors.o)
                0x0000000000000134                __do_global_ctors
 *(.init6)
 *(.init7)
 *(.init7)
 *(.init8)
 *(.init8)
 *(.init9)
 .init9         0x000000000000014a        0x8 /usr/lib/gcc/avr/9.2.0/../../../../avr/lib/avr5/crtatmega324pa.o
 *(.init9)
 *(.text)
 .text          0x0000000000000152        0x4 /usr/lib/gcc/avr/9.2.0/../../../../avr/lib/avr5/crtatmega324pa.o
                0x0000000000000152                __vector_22
                0x0000000000000152                __vector_28
                0x0000000000000152                __vector_1
                0x0000000000000152                __vector_24
                0x0000000000000152                __vector_12
                0x0000000000000152                __bad_interrupt
                0x0000000000000152                __vector_6
                0x0000000000000152                __vector_3
                0x0000000000000152                __vector_23
                0x0000000000000152                __vector_30
                0x0000000000000152                __vector_25
                0x0000000000000152                __vector_11
                0x0000000000000152                __vector_13
                0x0000000000000152                __vector_17
                0x0000000000000152                __vector_19
                0x0000000000000152                __vector_7
                0x0000000000000152                __vector_27
                0x0000000000000152                __vector_5
                0x0000000000000152                __vector_4
                0x0000000000000152                __vector_9
                0x0000000000000152                __vector_2
                0x0000000000000152                __vector_21
                0x0000000000000152                __vector_15
                0x0000000000000152                __vector_29
                0x0000000000000152                __vector_8
                0x0000000000000152                __vector_26
                0x0000000000000152                __vector_14
                0x0000000000000152                __vector_10
                0x0000000000000152                __vector_16
                0x0000000000000152                __vector_18
                0x0000000000000152                __vector_20
 .text          0x0000000000000156       0x4c LecExec.o
                0x0000000000000156                _Z7transmiv
 .text          0x00000000000001a2      0x846 ../librairie/library.a(sonorite.o)
                0x00000000000001a2                _ZN8SONORITEC1Ev
                0x00000000000001a2                _ZN8SONORITEC2Ev
                0x00000000000001a4                _ZN8SONORITE22ajustementPWM_sonoriteEd
                0x00000000000002da                _ZN8SONORITE15arreterSonoriteEv
                0x00000000000002e4                _ZN8SONORITE5jouerEh
                0x00000000000002f2                _ZN8SONORITE18tune_NokiaRingtoneEv
                0x00000000000003ec                _ZN8SONORITE13tune_StarWarsEv
 .text          0x00000000000009e8       0x2c ../librairie/library.a(communication.o)
                0x00000000000009e8                _Z8attendrej
                0x0000000000000a06                _Z14initialisationhhhh
 .text          0x0000000000000a14       0x7a ../librairie/library.a(roues.o)
                0x0000000000000a14                _ZN5Roues15ajustementRouesEhh9Direction
 .text          0x0000000000000a8e      0x35e ../librairie/library.a(memoire_24.o)
                0x0000000000000a8e                _ZN13Memoire24CXXXD2Ev
                0x0000000000000a8e                _ZN13Memoire24CXXXD1Ev
                0x0000000000000a90                _ZN13Memoire24CXXX4initEv
                0x0000000000000aa2                _ZN13Memoire24CXXXC2Ev
                0x0000000000000aa2                _ZN13Memoire24CXXXC1Ev
                0x0000000000000aae                _ZN13Memoire24CXXX12choisir_bancEh
                0x0000000000000ac4                _ZN13Memoire24CXXX7lectureEjPh
                0x0000000000000b86                _ZN13Memoire24CXXX7lectureEjPhh
                0x0000000000000c50                _ZN13Memoire24CXXX8ecritureEjh
                0x0000000000000ce0                _ZN13Memoire24CXXX11ecrire_pageEjPhh
                0x0000000000000da2                _ZN13Memoire24CXXX8ecritureEjPhh
 .text          0x0000000000000dec       0x44 ../librairie/library.a(DEL.o)
                0x0000000000000dec                _ZN3DEL10allumerDELEh
                0x0000000000000df0                _ZN3DEL15allumerDelAmbreEv
                0x0000000000000e12                _ZN3DEL9clignoterEhjj
 .text          0x0000000000000e30      0x126 ../librairie/library.a(UART.o)
                0x0000000000000e30                _ZN4UART18initialisationUARTEv
                0x0000000000000e60                _ZN4UART16transmissionUARTEh
                0x0000000000000e6e                _ZN4UART22transmissionUARTChaineEPc
                0x0000000000000ea4                _ZN4UART11lectureUARTEv
                0x0000000000000eb2                _ZN4UART23afficherMessageDebogageEPKc
                0x0000000000000efc                _ZN4UART13AffichageUARTEPch
 .text          0x0000000000000f56        0x0 /usr/lib/gcc/avr/9.2.0/avr5/libgcc.a(_exit.o)
 .text          0x0000000000000f56        0x0 /usr/lib/gcc/avr/9.2.0/avr5/libgcc.a(_copy_data.o)
 .text          0x0000000000000f56        0x0 /usr/lib/gcc/avr/9.2.0/avr5/libgcc.a(_clear_bss.o)
 .text          0x0000000000000f56        0x0 /usr/lib/gcc/avr/9.2.0/avr5/libgcc.a(_ctors.o)
 .text          0x0000000000000f56        0x0 /usr/lib/gcc/avr/9.2.0/avr5/libgcc.a(_dtors.o)
 .text          0x0000000000000f56        0x0 /usr/lib/gcc/avr/9.2.0/avr5/libgcc.a(_tablejump2.o)
 .text          0x0000000000000f56        0x0 /usr/lib/gcc/avr/9.2.0/../../../../avr/lib/avr5/libm.a(addsf3.o)
 .text          0x0000000000000f56        0x0 /usr/lib/gcc/avr/9.2.0/../../../../avr/lib/avr5/libm.a(addsf3x.o)
 .text          0x0000000000000f56        0x0 /usr/lib/gcc/avr/9.2.0/../../../../avr/lib/avr5/libm.a(divsf3.o)
 .text          0x0000000000000f56        0x0 /usr/lib/gcc/avr/9.2.0/../../../../avr/lib/avr5/libm.a(divsf3x.o)
 .text          0x0000000000000f56        0x0 /usr/lib/gcc/avr/9.2.0/../../../../avr/lib/avr5/libm.a(fixunssfsi.o)
 .text          0x0000000000000f56        0x0 /usr/lib/gcc/avr/9.2.0/../../../../avr/lib/avr5/libm.a(floatsisf.o)
 .text          0x0000000000000f56        0x0 /usr/lib/gcc/avr/9.2.0/../../../../avr/lib/avr5/libm.a(fp_inf.o)
 .text          0x0000000000000f56        0x0 /usr/lib/gcc/avr/9.2.0/../../../../avr/lib/avr5/libm.a(fp_nan.o)
 .text          0x0000000000000f56        0x0 /usr/lib/gcc/avr/9.2.0/../../../../avr/lib/avr5/libm.a(fp_pscA.o)
 .text          0x0000000000000f56        0x0 /usr/lib/gcc/avr/9.2.0/../../../../avr/lib/avr5/libm.a(fp_pscB.o)
 .text          0x0000000000000f56        0x0 /usr/lib/gcc/avr/9.2.0/../../../../avr/lib/avr5/libm.a(fp_round.o)
 .text          0x0000000000000f56        0x0 /usr/lib/gcc/avr/9.2.0/../../../../avr/lib/avr5/libm.a(fp_split3.o)
 .text          0x0000000000000f56        0x0 /usr/lib/gcc/avr/9.2.0/../../../../avr/lib/avr5/libm.a(fp_zero.o)
 .text          0x0000000000000f56        0x0 /usr/lib/gcc/avr/9.2.0/../../../../avr/lib/avr5/libm.a(mulsf3.o)
 .text          0x0000000000000f56        0x0 /usr/lib/gcc/avr/9.2.0/../../../../avr/lib/avr5/libm.a(mulsf3x.o)
 .text          0x0000000000000f56        0x0 /usr/lib/gcc/avr/9.2.0/../../../../avr/lib/avr5/libm.a(pow.o)
 .text          0x0000000000000f56        0x0 /usr/lib/gcc/avr/9.2.0/../../../../avr/lib/avr5/libm.a(exp.o)
 .text          0x0000000000000f56        0x0 /usr/lib/gcc/avr/9.2.0/../../../../avr/lib/avr5/libm.a(fp_powser.o)
 .text          0x0000000000000f56        0x0 /usr/lib/gcc/avr/9.2.0/../../../../avr/lib/avr5/libm.a(inverse.o)
 .text          0x0000000000000f56        0x0 /usr/lib/gcc/avr/9.2.0/../../../../avr/lib/avr5/libm.a(ldexp.o)
 .text          0x0000000000000f56        0x0 /usr/lib/gcc/avr/9.2.0/../../../../avr/lib/avr5/libm.a(log.o)
 .text          0x0000000000000f56        0x0 /usr/lib/gcc/avr/9.2.0/../../../../avr/lib/avr5/libm.a(modf.o)
 .text          0x0000000000000f56        0x0 /usr/lib/gcc/avr/9.2.0/../../../../avr/lib/avr5/libm.a(fp_mpack.o)
                0x0000000000000f56                . = ALIGN (0x2)
 *(.text.*)
 .text.startup  0x0000000000000f56      0x2d0 LecExec.o
                0x0000000000000f56                main
 .text.exit     0x0000000000001226        0x8 LecExec.o
 .text.libgcc.mul
                0x000000000000122e        0x0 /usr/lib/gcc/avr/9.2.0/avr5/libgcc.a(_exit.o)
 .text.libgcc.div
                0x000000000000122e        0x0 /usr/lib/gcc/avr/9.2.0/avr5/libgcc.a(_exit.o)
 .text.libgcc   0x000000000000122e        0x0 /usr/lib/gcc/avr/9.2.0/avr5/libgcc.a(_exit.o)
 .text.libgcc.prologue
                0x000000000000122e        0x0 /usr/lib/gcc/avr/9.2.0/avr5/libgcc.a(_exit.o)
 .text.libgcc.builtins
                0x000000000000122e        0x0 /usr/lib/gcc/avr/9.2.0/avr5/libgcc.a(_exit.o)
 .text.libgcc.fmul
                0x000000000000122e        0x0 /usr/lib/gcc/avr/9.2.0/avr5/libgcc.a(_exit.o)
 .text.libgcc.fixed
                0x000000000000122e        0x0 /usr/lib/gcc/avr/9.2.0/avr5/libgcc.a(_exit.o)
 .text.libgcc.mul
                0x000000000000122e        0x0 /usr/lib/gcc/avr/9.2.0/avr5/libgcc.a(_copy_data.o)
 .text.libgcc.div
                0x000000000000122e        0x0 /usr/lib/gcc/avr/9.2.0/avr5/libgcc.a(_copy_data.o)
 .text.libgcc   0x000000000000122e        0x0 /usr/lib/gcc/avr/9.2.0/avr5/libgcc.a(_copy_data.o)
 .text.libgcc.prologue
                0x000000000000122e        0x0 /usr/lib/gcc/avr/9.2.0/avr5/libgcc.a(_copy_data.o)
 .text.libgcc.builtins
                0x000000000000122e        0x0 /usr/lib/gcc/avr/9.2.0/avr5/libgcc.a(_copy_data.o)
 .text.libgcc.fmul
                0x000000000000122e        0x0 /usr/lib/gcc/avr/9.2.0/avr5/libgcc.a(_copy_data.o)
 .text.libgcc.fixed
                0x000000000000122e        0x0 /usr/lib/gcc/avr/9.2.0/avr5/libgcc.a(_copy_data.o)
 .text.libgcc.mul
                0x000000000000122e        0x0 /usr/lib/gcc/avr/9.2.0/avr5/libgcc.a(_clear_bss.o)
 .text.libgcc.div
                0x000000000000122e        0x0 /usr/lib/gcc/avr/9.2.0/avr5/libgcc.a(_clear_bss.o)
 .text.libgcc   0x000000000000122e        0x0 /usr/lib/gcc/avr/9.2.0/avr5/libgcc.a(_clear_bss.o)
 .text.libgcc.prologue
                0x000000000000122e        0x0 /usr/lib/gcc/avr/9.2.0/avr5/libgcc.a(_clear_bss.o)
 .text.libgcc.builtins
                0x000000000000122e        0x0 /usr/lib/gcc/avr/9.2.0/avr5/libgcc.a(_clear_bss.o)
 .text.libgcc.fmul
                0x000000000000122e        0x0 /usr/lib/gcc/avr/9.2.0/avr5/libgcc.a(_clear_bss.o)
 .text.libgcc.fixed
                0x000000000000122e        0x0 /usr/lib/gcc/avr/9.2.0/avr5/libgcc.a(_clear_bss.o)
 .text.libgcc.mul
                0x000000000000122e        0x0 /usr/lib/gcc/avr/9.2.0/avr5/libgcc.a(_ctors.o)
 .text.libgcc.div
                0x000000000000122e        0x0 /usr/lib/gcc/avr/9.2.0/avr5/libgcc.a(_ctors.o)
 .text.libgcc   0x000000000000122e        0x0 /usr/lib/gcc/avr/9.2.0/avr5/libgcc.a(_ctors.o)
 .text.libgcc.prologue
                0x000000000000122e        0x0 /usr/lib/gcc/avr/9.2.0/avr5/libgcc.a(_ctors.o)
 .text.libgcc.builtins
                0x000000000000122e        0x0 /usr/lib/gcc/avr/9.2.0/avr5/libgcc.a(_ctors.o)
 .text.libgcc.fmul
                0x000000000000122e        0x0 /usr/lib/gcc/avr/9.2.0/avr5/libgcc.a(_ctors.o)
 .text.libgcc.fixed
                0x000000000000122e        0x0 /usr/lib/gcc/avr/9.2.0/avr5/libgcc.a(_ctors.o)
 .text.libgcc.mul
                0x000000000000122e        0x0 /usr/lib/gcc/avr/9.2.0/avr5/libgcc.a(_dtors.o)
 .text.libgcc.div
                0x000000000000122e        0x0 /usr/lib/gcc/avr/9.2.0/avr5/libgcc.a(_dtors.o)
 .text.libgcc   0x000000000000122e        0x0 /usr/lib/gcc/avr/9.2.0/avr5/libgcc.a(_dtors.o)
 .text.libgcc.prologue
                0x000000000000122e        0x0 /usr/lib/gcc/avr/9.2.0/avr5/libgcc.a(_dtors.o)
 .text.libgcc.builtins
                0x000000000000122e        0x0 /usr/lib/gcc/avr/9.2.0/avr5/libgcc.a(_dtors.o)
 .text.libgcc.fmul
                0x000000000000122e        0x0 /usr/lib/gcc/avr/9.2.0/avr5/libgcc.a(_dtors.o)
 .text.libgcc.fixed
                0x000000000000122e        0x0 /usr/lib/gcc/avr/9.2.0/avr5/libgcc.a(_dtors.o)
 .text.libgcc.mul
                0x000000000000122e        0x0 /usr/lib/gcc/avr/9.2.0/avr5/libgcc.a(_tablejump2.o)
 .text.libgcc.div
                0x000000000000122e        0x0 /usr/lib/gcc/avr/9.2.0/avr5/libgcc.a(_tablejump2.o)
 .text.libgcc   0x000000000000122e        0xc /usr/lib/gcc/avr/9.2.0/avr5/libgcc.a(_tablejump2.o)
                0x000000000000122e                __tablejump2__
 .text.libgcc.prologue
                0x000000000000123a        0x0 /usr/lib/gcc/avr/9.2.0/avr5/libgcc.a(_tablejump2.o)
 .text.libgcc.builtins
                0x000000000000123a        0x0 /usr/lib/gcc/avr/9.2.0/avr5/libgcc.a(_tablejump2.o)
 .text.libgcc.fmul
                0x000000000000123a        0x0 /usr/lib/gcc/avr/9.2.0/avr5/libgcc.a(_tablejump2.o)
 .text.libgcc.fixed
                0x000000000000123a        0x0 /usr/lib/gcc/avr/9.2.0/avr5/libgcc.a(_tablejump2.o)
 .text.avr-libc.fplib
                0x000000000000123a        0xe /usr/lib/gcc/avr/9.2.0/../../../../avr/lib/avr5/libm.a(addsf3.o)
                0x000000000000123a                __subsf3
                0x000000000000123c                __addsf3
 .text.avr-libc.fplib
                0x0000000000001248       0xcc /usr/lib/gcc/avr/9.2.0/../../../../avr/lib/avr5/libm.a(addsf3x.o)
                0x000000000000126a                __addsf3x
 .text.avr-libc.fplib
                0x0000000000001314        0x8 /usr/lib/gcc/avr/9.2.0/../../../../avr/lib/avr5/libm.a(divsf3.o)
                0x0000000000001314                __divsf3
 .text.avr-libc.fplib
                0x000000000000131c       0xdc /usr/lib/gcc/avr/9.2.0/../../../../avr/lib/avr5/libm.a(divsf3x.o)
                0x000000000000133c                __divsf3x
                0x0000000000001342                __divsf3_pse
 .text.avr-libc.fplib
                0x00000000000013f8       0x5e /usr/lib/gcc/avr/9.2.0/../../../../avr/lib/avr5/libm.a(fixunssfsi.o)
                0x00000000000013f8                __fixunssfsi
 .text.avr-libc.fplib
                0x0000000000001456       0x7a /usr/lib/gcc/avr/9.2.0/../../../../avr/lib/avr5/libm.a(floatsisf.o)
                0x0000000000001456                __floatunsisf
                0x000000000000145a                __floatsisf
 .text.avr-libc.fplib
                0x00000000000014d0        0xc /usr/lib/gcc/avr/9.2.0/../../../../avr/lib/avr5/libm.a(fp_inf.o)
                0x00000000000014d0                __fp_inf
 .text.avr-libc.fplib
                0x00000000000014dc        0x6 /usr/lib/gcc/avr/9.2.0/../../../../avr/lib/avr5/libm.a(fp_nan.o)
                0x00000000000014dc                __fp_nan
 .text.avr-libc.fplib
                0x00000000000014e2        0xe /usr/lib/gcc/avr/9.2.0/../../../../avr/lib/avr5/libm.a(fp_pscA.o)
                0x00000000000014e2                __fp_pscA
 .text.avr-libc.fplib
                0x00000000000014f0        0xe /usr/lib/gcc/avr/9.2.0/../../../../avr/lib/avr5/libm.a(fp_pscB.o)
                0x00000000000014f0                __fp_pscB
 .text.avr-libc.fplib
                0x00000000000014fe       0x22 /usr/lib/gcc/avr/9.2.0/../../../../avr/lib/avr5/libm.a(fp_round.o)
                0x00000000000014fe                __fp_round
 .text.avr-libc.fplib
                0x0000000000001520       0x44 /usr/lib/gcc/avr/9.2.0/../../../../avr/lib/avr5/libm.a(fp_split3.o)
                0x0000000000001520                __fp_split3
                0x0000000000001530                __fp_splitA
 .text.avr-libc.fplib
                0x0000000000001564        0xe /usr/lib/gcc/avr/9.2.0/../../../../avr/lib/avr5/libm.a(fp_zero.o)
                0x0000000000001564                __fp_zero
                0x0000000000001566                __fp_szero
 .text.avr-libc.fplib
                0x0000000000001572        0x8 /usr/lib/gcc/avr/9.2.0/../../../../avr/lib/avr5/libm.a(mulsf3.o)
                0x0000000000001572                __mulsf3
 .text.avr-libc.fplib
                0x000000000000157a       0xd2 /usr/lib/gcc/avr/9.2.0/../../../../avr/lib/avr5/libm.a(mulsf3x.o)
                0x0000000000001598                __mulsf3x
                0x000000000000159e                __mulsf3_pse
 .text.avr-libc.fplib
                0x000000000000164c       0xa0 /usr/lib/gcc/avr/9.2.0/../../../../avr/lib/avr5/libm.a(pow.o)
                0x000000000000164c                pow
 .text.avr-libc.fplib
                0x00000000000016ec       0x74 /usr/lib/gcc/avr/9.2.0/../../../../avr/lib/avr5/libm.a(exp.o)
                0x00000000000016fc                exp
 .text.avr-libc.fplib
                0x0000000000001760       0x4e /usr/lib/gcc/avr/9.2.0/../../../../avr/lib/avr5/libm.a(fp_powser.o)
                0x0000000000001760                __fp_powser
 .text.avr-libc.fplib
                0x00000000000017ae       0x10 /usr/lib/gcc/avr/9.2.0/../../../../avr/lib/avr5/libm.a(inverse.o)
                0x00000000000017ae                inverse
 .text.avr-libc.fplib
                0x00000000000017be       0x74 /usr/lib/gcc/avr/9.2.0/../../../../avr/lib/avr5/libm.a(ldexp.o)
                0x00000000000017c6                ldexp
 .text.avr-libc.fplib
                0x0000000000001832       0xa0 /usr/lib/gcc/avr/9.2.0/../../../../avr/lib/avr5/libm.a(log.o)
                0x0000000000001842                log
 .text.avr-libc.fplib
                0x00000000000018d2       0x68 /usr/lib/gcc/avr/9.2.0/../../../../avr/lib/avr5/libm.a(modf.o)
                0x00000000000018d2                modff
                0x00000000000018d2                modf
 .text.avr-libc.fplib
                0x000000000000193a       0x1c /usr/lib/gcc/avr/9.2.0/../../../../avr/lib/avr5/libm.a(fp_mpack.o)
                0x000000000000193a                __fp_mpack
                0x000000000000193e                __fp_mpack_finite
                0x0000000000001956                . = ALIGN (0x2)
 *(.fini9)
 .fini9         0x0000000000001956        0x0 /usr/lib/gcc/avr/9.2.0/avr5/libgcc.a(_exit.o)
                0x0000000000001956                exit
                0x0000000000001956                _exit
 *(.fini9)
 *(.fini8)
 *(.fini8)
 *(.fini7)
 *(.fini7)
 *(.fini6)
 .fini6         0x0000000000001956       0x16 /usr/lib/gcc/avr/9.2.0/avr5/libgcc.a(_dtors.o)
                0x0000000000001956                __do_global_dtors
 *(.fini6)
 *(.fini5)
 *(.fini5)
 *(.fini4)
 *(.fini4)
 *(.fini3)
 *(.fini3)
 *(.fini2)
 *(.fini2)
 *(.fini1)
 *(.fini1)
 *(.fini0)
 .fini0         0x000000000000196c        0x4 /usr/lib/gcc/avr/9.2.0/avr5/libgcc.a(_exit.o)
 *(.fini0)
 *(.hightext)
 *(.hightext*)
 *(.progmemx.*)
                0x0000000000001970                . = ALIGN (0x2)
 *(.jumptables)
 *(.jumptables*)
                0x0000000000001970                _etext = .

.data           0x0000000000800100        0x2 load address 0x0000000000001970
                0x0000000000800100                PROVIDE (__data_start = .)
 *(.data)
 .data          0x0000000000800100        0x0 /usr/lib/gcc/avr/9.2.0/../../../../avr/lib/avr5/crtatmega324pa.o
 .data          0x0000000000800100        0x0 LecExec.o
 .data          0x0000000000800100        0x0 ../librairie/library.a(sonorite.o)
 .data          0x0000000000800100        0x0 ../librairie/library.a(communication.o)
 .data          0x0000000000800100        0x0 ../librairie/library.a(roues.o)
 .data          0x0000000000800100        0x1 ../librairie/library.a(memoire_24.o)
                0x0000000000800100                _ZN13Memoire24CXXX22m_adresse_peripheriqueE
 .data          0x0000000000800101        0x0 ../librairie/library.a(DEL.o)
 .data          0x0000000000800101        0x0 ../librairie/library.a(UART.o)
 .data          0x0000000000800101        0x0 /usr/lib/gcc/avr/9.2.0/avr5/libgcc.a(_exit.o)
 .data          0x0000000000800101        0x0 /usr/lib/gcc/avr/9.2.0/avr5/libgcc.a(_copy_data.o)
 .data          0x0000000000800101        0x0 /usr/lib/gcc/avr/9.2.0/avr5/libgcc.a(_clear_bss.o)
 .data          0x0000000000800101        0x0 /usr/lib/gcc/avr/9.2.0/avr5/libgcc.a(_ctors.o)
 .data          0x0000000000800101        0x0 /usr/lib/gcc/avr/9.2.0/avr5/libgcc.a(_dtors.o)
 .data          0x0000000000800101        0x0 /usr/lib/gcc/avr/9.2.0/avr5/libgcc.a(_tablejump2.o)
 .data          0x0000000000800101        0x0 /usr/lib/gcc/avr/9.2.0/../../../../avr/lib/avr5/libm.a(addsf3.o)
 .data          0x0000000000800101        0x0 /usr/lib/gcc/avr/9.2.0/../../../../avr/lib/avr5/libm.a(addsf3x.o)
 .data          0x0000000000800101        0x0 /usr/lib/gcc/avr/9.2.0/../../../../avr/lib/avr5/libm.a(divsf3.o)
 .data          0x0000000000800101        0x0 /usr/lib/gcc/avr/9.2.0/../../../../avr/lib/avr5/libm.a(divsf3x.o)
 .data          0x0000000000800101        0x0 /usr/lib/gcc/avr/9.2.0/../../../../avr/lib/avr5/libm.a(fixunssfsi.o)
 .data          0x0000000000800101        0x0 /usr/lib/gcc/avr/9.2.0/../../../../avr/lib/avr5/libm.a(floatsisf.o)
 .data          0x0000000000800101        0x0 /usr/lib/gcc/avr/9.2.0/../../../../avr/lib/avr5/libm.a(fp_inf.o)
 .data          0x0000000000800101        0x0 /usr/lib/gcc/avr/9.2.0/../../../../avr/lib/avr5/libm.a(fp_nan.o)
 .data          0x0000000000800101        0x0 /usr/lib/gcc/avr/9.2.0/../../../../avr/lib/avr5/libm.a(fp_pscA.o)
 .data          0x0000000000800101        0x0 /usr/lib/gcc/avr/9.2.0/../../../../avr/lib/avr5/libm.a(fp_pscB.o)
 .data          0x0000000000800101        0x0 /usr/lib/gcc/avr/9.2.0/../../../../avr/lib/avr5/libm.a(fp_round.o)
 .data          0x0000000000800101        0x0 /usr/lib/gcc/avr/9.2.0/../../../../avr/lib/avr5/libm.a(fp_split3.o)
 .data          0x0000000000800101        0x0 /usr/lib/gcc/avr/9.2.0/../../../../avr/lib/avr5/libm.a(fp_zero.o)
 .data          0x0000000000800101        0x0 /usr/lib/gcc/avr/9.2.0/../../../../avr/lib/avr5/libm.a(mulsf3.o)
 .data          0x0000000000800101        0x0 /usr/lib/gcc/avr/9.2.0/../../../../avr/lib/avr5/libm.a(mulsf3x.o)
 .data          0x0000000000800101        0x0 /usr/lib/gcc/avr/9.2.0/../../../../avr/lib/avr5/libm.a(pow.o)
 .data          0x0000000000800101        0x0 /usr/lib/gcc/avr/9.2.0/../../../../avr/lib/avr5/libm.a(exp.o)
 .data          0x0000000000800101        0x0 /usr/lib/gcc/avr/9.2.0/../../../../avr/lib/avr5/libm.a(fp_powser.o)
 .data          0x0000000000800101        0x0 /usr/lib/gcc/avr/9.2.0/../../../../avr/lib/avr5/libm.a(inverse.o)
 .data          0x0000000000800101        0x0 /usr/lib/gcc/avr/9.2.0/../../../../avr/lib/avr5/libm.a(ldexp.o)
 .data          0x0000000000800101        0x0 /usr/lib/gcc/avr/9.2.0/../../../../avr/lib/avr5/libm.a(log.o)
 .data          0x0000000000800101        0x0 /usr/lib/gcc/avr/9.2.0/../../../../avr/lib/avr5/libm.a(modf.o)
 .data          0x0000000000800101        0x0 /usr/lib/gcc/avr/9.2.0/../../../../avr/lib/avr5/libm.a(fp_mpack.o)
 *(.data*)
 *(.gnu.linkonce.d*)
 *(.rodata)
 *(.rodata*)
 *(.gnu.linkonce.r*)
                0x0000000000800102                . = ALIGN (0x2)
 *fill*         0x0000000000800101        0x1 
                0x0000000000800102                _edata = .
                0x0000000000800102                PROVIDE (__data_end = .)

.bss            0x0000000000800102        0xf
                0x0000000000800102                PROVIDE (__bss_start = .)
 *(.bss)
 .bss           0x0000000000800102        0x0 /usr/lib/gcc/avr/9.2.0/../../../../avr/lib/avr5/crtatmega324pa.o
 .bss           0x0000000000800102        0xf LecExec.o
                0x0000000000800102                debut
                0x0000000000800104                loopCompteur
                0x0000000000800105                loopAdresse
                0x0000000000800106                nbMillisecondes
                0x0000000000800108                instruction
                0x0000000000800109                adresse
                0x000000000080010b                operande
                0x000000000080010c                s
                0x000000000080010d                sono
                0x000000000080010e                del
                0x000000000080010f                maMemoire
                0x0000000000800110                uart
 .bss           0x0000000000800111        0x0 ../librairie/library.a(sonorite.o)
 .bss           0x0000000000800111        0x0 ../librairie/library.a(communication.o)
 .bss           0x0000000000800111        0x0 ../librairie/library.a(roues.o)
 .bss           0x0000000000800111        0x0 ../librairie/library.a(memoire_24.o)
 .bss           0x0000000000800111        0x0 ../librairie/library.a(DEL.o)
 .bss           0x0000000000800111        0x0 ../librairie/library.a(UART.o)
 .bss           0x0000000000800111        0x0 /usr/lib/gcc/avr/9.2.0/avr5/libgcc.a(_exit.o)
 .bss           0x0000000000800111        0x0 /usr/lib/gcc/avr/9.2.0/avr5/libgcc.a(_copy_data.o)
 .bss           0x0000000000800111        0x0 /usr/lib/gcc/avr/9.2.0/avr5/libgcc.a(_clear_bss.o)
 .bss           0x0000000000800111        0x0 /usr/lib/gcc/avr/9.2.0/avr5/libgcc.a(_ctors.o)
 .bss           0x0000000000800111        0x0 /usr/lib/gcc/avr/9.2.0/avr5/libgcc.a(_dtors.o)
 .bss           0x0000000000800111        0x0 /usr/lib/gcc/avr/9.2.0/avr5/libgcc.a(_tablejump2.o)
 .bss           0x0000000000800111        0x0 /usr/lib/gcc/avr/9.2.0/../../../../avr/lib/avr5/libm.a(addsf3.o)
 .bss           0x0000000000800111        0x0 /usr/lib/gcc/avr/9.2.0/../../../../avr/lib/avr5/libm.a(addsf3x.o)
 .bss           0x0000000000800111        0x0 /usr/lib/gcc/avr/9.2.0/../../../../avr/lib/avr5/libm.a(divsf3.o)
 .bss           0x0000000000800111        0x0 /usr/lib/gcc/avr/9.2.0/../../../../avr/lib/avr5/libm.a(divsf3x.o)
 .bss           0x0000000000800111        0x0 /usr/lib/gcc/avr/9.2.0/../../../../avr/lib/avr5/libm.a(fixunssfsi.o)
 .bss           0x0000000000800111        0x0 /usr/lib/gcc/avr/9.2.0/../../../../avr/lib/avr5/libm.a(floatsisf.o)
 .bss           0x0000000000800111        0x0 /usr/lib/gcc/avr/9.2.0/../../../../avr/lib/avr5/libm.a(fp_inf.o)
 .bss           0x0000000000800111        0x0 /usr/lib/gcc/avr/9.2.0/../../../../avr/lib/avr5/libm.a(fp_nan.o)
 .bss           0x0000000000800111        0x0 /usr/lib/gcc/avr/9.2.0/../../../../avr/lib/avr5/libm.a(fp_pscA.o)
 .bss           0x0000000000800111        0x0 /usr/lib/gcc/avr/9.2.0/../../../../avr/lib/avr5/libm.a(fp_pscB.o)
 .bss           0x0000000000800111        0x0 /usr/lib/gcc/avr/9.2.0/../../../../avr/lib/avr5/libm.a(fp_round.o)
 .bss           0x0000000000800111        0x0 /usr/lib/gcc/avr/9.2.0/../../../../avr/lib/avr5/libm.a(fp_split3.o)
 .bss           0x0000000000800111        0x0 /usr/lib/gcc/avr/9.2.0/../../../../avr/lib/avr5/libm.a(fp_zero.o)
 .bss           0x0000000000800111        0x0 /usr/lib/gcc/avr/9.2.0/../../../../avr/lib/avr5/libm.a(mulsf3.o)
 .bss           0x0000000000800111        0x0 /usr/lib/gcc/avr/9.2.0/../../../../avr/lib/avr5/libm.a(mulsf3x.o)
 .bss           0x0000000000800111        0x0 /usr/lib/gcc/avr/9.2.0/../../../../avr/lib/avr5/libm.a(pow.o)
 .bss           0x0000000000800111        0x0 /usr/lib/gcc/avr/9.2.0/../../../../avr/lib/avr5/libm.a(exp.o)
 .bss           0x0000000000800111        0x0 /usr/lib/gcc/avr/9.2.0/../../../../avr/lib/avr5/libm.a(fp_powser.o)
 .bss           0x0000000000800111        0x0 /usr/lib/gcc/avr/9.2.0/../../../../avr/lib/avr5/libm.a(inverse.o)
 .bss           0x0000000000800111        0x0 /usr/lib/gcc/avr/9.2.0/../../../../avr/lib/avr5/libm.a(ldexp.o)
 .bss           0x0000000000800111        0x0 /usr/lib/gcc/avr/9.2.0/../../../../avr/lib/avr5/libm.a(log.o)
 .bss           0x0000000000800111        0x0 /usr/lib/gcc/avr/9.2.0/../../../../avr/lib/avr5/libm.a(modf.o)
 .bss           0x0000000000800111        0x0 /usr/lib/gcc/avr/9.2.0/../../../../avr/lib/avr5/libm.a(fp_mpack.o)
 *(.bss*)
 *(COMMON)
                0x0000000000800111                PROVIDE (__bss_end = .)
                0x0000000000001970                __data_load_start = LOADADDR (.data)
                0x0000000000001972                __data_load_end = (__data_load_start + SIZEOF (.data))

.noinit         0x0000000000800111        0x0
                [!provide]                        PROVIDE (__noinit_start = .)
 *(.noinit*)
                [!provide]                        PROVIDE (__noinit_end = .)
                0x0000000000800111                _end = .
                [!provide]                        PROVIDE (__heap_start = .)

.eeprom         0x0000000000810000        0x0
 *(.eeprom*)
                0x0000000000810000                __eeprom_end = .

.fuse
 *(.fuse)
 *(.lfuse)
 *(.hfuse)
 *(.efuse)

.lock
 *(.lock*)

.signature
 *(.signature*)

.stab           0x0000000000000000     0x4c5c
 *(.stab)
 .stab          0x0000000000000000      0xc18 LecExec.o
 .stab          0x0000000000000c18      0xda4 ../librairie/library.a(sonorite.o)
                                        0xdb0 (size before relaxing)
 .stab          0x00000000000019bc      0x6e4 ../librairie/library.a(communication.o)
                                        0x6f0 (size before relaxing)
 .stab          0x00000000000020a0      0x654 ../librairie/library.a(roues.o)
                                        0x660 (size before relaxing)
 .stab          0x00000000000026f4     0x114c ../librairie/library.a(memoire_24.o)
                                       0x1158 (size before relaxing)
 .stab          0x0000000000003840      0x738 ../librairie/library.a(DEL.o)
                                        0x744 (size before relaxing)
 .stab          0x0000000000003f78      0x8a0 ../librairie/library.a(UART.o)
                                        0x8ac (size before relaxing)
 .stab          0x0000000000004818       0x6c /usr/lib/gcc/avr/9.2.0/avr5/libgcc.a(_exit.o)
                                         0x78 (size before relaxing)
 .stab          0x0000000000004884       0xd8 /usr/lib/gcc/avr/9.2.0/avr5/libgcc.a(_copy_data.o)
                                         0xe4 (size before relaxing)
 .stab          0x000000000000495c       0xb4 /usr/lib/gcc/avr/9.2.0/avr5/libgcc.a(_clear_bss.o)
                                         0xc0 (size before relaxing)
 .stab          0x0000000000004a10       0xd8 /usr/lib/gcc/avr/9.2.0/avr5/libgcc.a(_ctors.o)
                                         0xe4 (size before relaxing)
 .stab          0x0000000000004ae8       0xd8 /usr/lib/gcc/avr/9.2.0/avr5/libgcc.a(_dtors.o)
                                         0xe4 (size before relaxing)
 .stab          0x0000000000004bc0       0x9c /usr/lib/gcc/avr/9.2.0/avr5/libgcc.a(_tablejump2.o)
                                         0xa8 (size before relaxing)

.stabstr        0x0000000000000000     0x2aef
 *(.stabstr)
 .stabstr       0x0000000000000000     0x2aef LecExec.o

.stab.excl
 *(.stab.excl)

.stab.exclstr
 *(.stab.exclstr)

.stab.index
 *(.stab.index)

.stab.indexstr
 *(.stab.indexstr)

.comment        0x0000000000000000       0x21
 *(.comment)
 .comment       0x0000000000000000       0x21 LecExec.o
                                         0x22 (size before relaxing)
 .comment       0x0000000000000021       0x22 ../librairie/library.a(sonorite.o)
 .comment       0x0000000000000021       0x22 ../librairie/library.a(communication.o)
 .comment       0x0000000000000021       0x22 ../librairie/library.a(roues.o)
 .comment       0x0000000000000021       0x22 ../librairie/library.a(memoire_24.o)
 .comment       0x0000000000000021       0x22 ../librairie/library.a(DEL.o)
 .comment       0x0000000000000021       0x22 ../librairie/library.a(UART.o)

.note.gnu.avr.deviceinfo
                0x0000000000000000       0x40
 .note.gnu.avr.deviceinfo
                0x0000000000000000       0x40 /usr/lib/gcc/avr/9.2.0/../../../../avr/lib/avr5/crtatmega324pa.o

.note.gnu.build-id
 *(.note.gnu.build-id)

.debug
 *(.debug)

.line
 *(.line)

.debug_srcinfo
 *(.debug_srcinfo)

.debug_sfnames
 *(.debug_sfnames)

.debug_aranges
 *(.debug_aranges)

.debug_pubnames
 *(.debug_pubnames)

.debug_info     0x0000000000000000      0x6cc
 *(.debug_info .gnu.linkonce.wi.*)
 .debug_info    0x0000000000000000      0x6cc /usr/lib/gcc/avr/9.2.0/../../../../avr/lib/avr5/crtatmega324pa.o

.debug_abbrev   0x0000000000000000      0x66e
 *(.debug_abbrev)
 .debug_abbrev  0x0000000000000000      0x66e /usr/lib/gcc/avr/9.2.0/../../../../avr/lib/avr5/crtatmega324pa.o

.debug_line     0x0000000000000000       0x1d
 *(.debug_line .debug_line.* .debug_line_end)
 .debug_line    0x0000000000000000       0x1d /usr/lib/gcc/avr/9.2.0/../../../../avr/lib/avr5/crtatmega324pa.o

.debug_frame
 *(.debug_frame)

.debug_str      0x0000000000000000      0x255
 *(.debug_str)
 .debug_str     0x0000000000000000      0x255 /usr/lib/gcc/avr/9.2.0/../../../../avr/lib/avr5/crtatmega324pa.o

.debug_loc
 *(.debug_loc)

.debug_macinfo
 *(.debug_macinfo)

.debug_weaknames
 *(.debug_weaknames)

.debug_funcnames
 *(.debug_funcnames)

.debug_typenames
 *(.debug_typenames)

.debug_varnames
 *(.debug_varnames)

.debug_pubtypes
 *(.debug_pubtypes)

.debug_ranges
 *(.debug_ranges)

.debug_macro
 *(.debug_macro)

.debug_addr
 *(.debug_addr)
OUTPUT(tp9.out elf32-avr)
LOAD linker stubs
