Archive member included to satisfy reference by file (symbol)

../librairie/library.a(sonorite.o)
                              LecExec.o (_ZN8SONORITEC1Ev)
../librairie/library.a(communication.o)
                              LecExec.o (_Z8attendrej)
../librairie/library.a(roues.o)
                              LecExec.o (_ZN5RouesC1Ev)
../librairie/library.a(memoire_24.o)
                              LecExec.o (_ZN13Memoire24CXXXD1Ev)
../librairie/library.a(DEL.o)
                              LecExec.o (_ZN3DELC1Ev)
../librairie/library.a(UART.o)
                              LecExec.o (_ZN4UARTD1Ev)
/usr/lib/gcc/avr/7.4.0/avr5/libgcc.a(_exit.o)
                              /usr/lib/gcc/avr/7.4.0/../../../../avr/lib/avr5/crtatmega324pa.o (exit)
/usr/lib/gcc/avr/7.4.0/avr5/libgcc.a(_copy_data.o)
                              ../librairie/library.a(memoire_24.o) (__do_copy_data)
/usr/lib/gcc/avr/7.4.0/../../../../avr/lib/avr5/libm.a(addsf3.o)
                              ../librairie/library.a(sonorite.o) (__subsf3)
/usr/lib/gcc/avr/7.4.0/../../../../avr/lib/avr5/libm.a(addsf3x.o)
                              /usr/lib/gcc/avr/7.4.0/../../../../avr/lib/avr5/libm.a(addsf3.o) (__addsf3x)
/usr/lib/gcc/avr/7.4.0/../../../../avr/lib/avr5/libm.a(cmpsf2.o)
                              ../librairie/library.a(sonorite.o) (__lesf2)
/usr/lib/gcc/avr/7.4.0/../../../../avr/lib/avr5/libm.a(divsf3.o)
                              ../librairie/library.a(sonorite.o) (__divsf3)
/usr/lib/gcc/avr/7.4.0/../../../../avr/lib/avr5/libm.a(divsf3x.o)
                              /usr/lib/gcc/avr/7.4.0/../../../../avr/lib/avr5/libm.a(divsf3.o) (__divsf3x)
/usr/lib/gcc/avr/7.4.0/../../../../avr/lib/avr5/libm.a(fixunssfsi.o)
                              ../librairie/library.a(sonorite.o) (__fixunssfsi)
/usr/lib/gcc/avr/7.4.0/../../../../avr/lib/avr5/libm.a(floatsisf.o)
                              ../librairie/library.a(sonorite.o) (__floatsisf)
/usr/lib/gcc/avr/7.4.0/../../../../avr/lib/avr5/libm.a(fp_cmp.o)
                              /usr/lib/gcc/avr/7.4.0/../../../../avr/lib/avr5/libm.a(cmpsf2.o) (__fp_cmp)
/usr/lib/gcc/avr/7.4.0/../../../../avr/lib/avr5/libm.a(fp_inf.o)
                              /usr/lib/gcc/avr/7.4.0/../../../../avr/lib/avr5/libm.a(addsf3x.o) (__fp_inf)
/usr/lib/gcc/avr/7.4.0/../../../../avr/lib/avr5/libm.a(fp_nan.o)
                              /usr/lib/gcc/avr/7.4.0/../../../../avr/lib/avr5/libm.a(addsf3x.o) (__fp_nan)
/usr/lib/gcc/avr/7.4.0/../../../../avr/lib/avr5/libm.a(fp_pscA.o)
                              /usr/lib/gcc/avr/7.4.0/../../../../avr/lib/avr5/libm.a(addsf3x.o) (__fp_pscA)
/usr/lib/gcc/avr/7.4.0/../../../../avr/lib/avr5/libm.a(fp_pscB.o)
                              /usr/lib/gcc/avr/7.4.0/../../../../avr/lib/avr5/libm.a(addsf3x.o) (__fp_pscB)
/usr/lib/gcc/avr/7.4.0/../../../../avr/lib/avr5/libm.a(fp_round.o)
                              /usr/lib/gcc/avr/7.4.0/../../../../avr/lib/avr5/libm.a(addsf3.o) (__fp_round)
/usr/lib/gcc/avr/7.4.0/../../../../avr/lib/avr5/libm.a(fp_split3.o)
                              /usr/lib/gcc/avr/7.4.0/../../../../avr/lib/avr5/libm.a(addsf3x.o) (__fp_split3)
/usr/lib/gcc/avr/7.4.0/../../../../avr/lib/avr5/libm.a(fp_zero.o)
                              /usr/lib/gcc/avr/7.4.0/../../../../avr/lib/avr5/libm.a(addsf3x.o) (__fp_zero)
/usr/lib/gcc/avr/7.4.0/../../../../avr/lib/avr5/libm.a(gesf2.o)
                              ../librairie/library.a(sonorite.o) (__gesf2)
/usr/lib/gcc/avr/7.4.0/../../../../avr/lib/avr5/libm.a(mulsf3.o)
                              ../librairie/library.a(sonorite.o) (__mulsf3)
/usr/lib/gcc/avr/7.4.0/../../../../avr/lib/avr5/libm.a(mulsf3x.o)
                              /usr/lib/gcc/avr/7.4.0/../../../../avr/lib/avr5/libm.a(mulsf3.o) (__mulsf3x)
/usr/lib/gcc/avr/7.4.0/../../../../avr/lib/avr5/libm.a(pow.o)
                              ../librairie/library.a(sonorite.o) (pow)
/usr/lib/gcc/avr/7.4.0/../../../../avr/lib/avr5/libm.a(exp.o)
                              /usr/lib/gcc/avr/7.4.0/../../../../avr/lib/avr5/libm.a(pow.o) (exp)
/usr/lib/gcc/avr/7.4.0/../../../../avr/lib/avr5/libm.a(fp_powser.o)
                              /usr/lib/gcc/avr/7.4.0/../../../../avr/lib/avr5/libm.a(exp.o) (__fp_powser)
/usr/lib/gcc/avr/7.4.0/../../../../avr/lib/avr5/libm.a(inverse.o)
                              /usr/lib/gcc/avr/7.4.0/../../../../avr/lib/avr5/libm.a(exp.o) (inverse)
/usr/lib/gcc/avr/7.4.0/../../../../avr/lib/avr5/libm.a(ldexp.o)
                              /usr/lib/gcc/avr/7.4.0/../../../../avr/lib/avr5/libm.a(exp.o) (ldexp)
/usr/lib/gcc/avr/7.4.0/../../../../avr/lib/avr5/libm.a(log.o)
                              /usr/lib/gcc/avr/7.4.0/../../../../avr/lib/avr5/libm.a(pow.o) (log)
/usr/lib/gcc/avr/7.4.0/../../../../avr/lib/avr5/libm.a(modf.o)
                              /usr/lib/gcc/avr/7.4.0/../../../../avr/lib/avr5/libm.a(exp.o) (modf)
/usr/lib/gcc/avr/7.4.0/../../../../avr/lib/avr5/libm.a(fp_mpack.o)
                              /usr/lib/gcc/avr/7.4.0/../../../../avr/lib/avr5/libm.a(ldexp.o) (__fp_mpack)

Memory Configuration

Name             Origin             Length             Attributes
text             0x0000000000000000 0x0000000000020000 xr
data             0x0000000000800060 0x000000000000ffa0 rw !x
eeprom           0x0000000000810000 0x0000000000010000 rw !x
fuse             0x0000000000820000 0x0000000000000003 rw !x
lock             0x0000000000830000 0x0000000000000400 rw !x
signature        0x0000000000840000 0x0000000000000400 rw !x
user_signatures  0x0000000000850000 0x0000000000000400 rw !x
*default*        0x0000000000000000 0xffffffffffffffff

Linker script and memory map

Address of section .data set to 0x800100
LOAD /usr/lib/gcc/avr/7.4.0/../../../../avr/lib/avr5/crtatmega324pa.o
LOAD LecExec.o
LOAD /usr/lib/gcc/avr/7.4.0/../../../../avr/lib/avr5/libm.a
LOAD ../librairie/library.a
START GROUP
LOAD /usr/lib/gcc/avr/7.4.0/avr5/libgcc.a
LOAD /usr/lib/gcc/avr/7.4.0/../../../../avr/lib/avr5/libm.a
LOAD /usr/lib/gcc/avr/7.4.0/../../../../avr/lib/avr5/libc.a
LOAD /usr/lib/gcc/avr/7.4.0/../../../../avr/lib/avr5/libatmega324pa.a
END GROUP
                0x0000000000020000                __TEXT_REGION_LENGTH__ = DEFINED (__TEXT_REGION_LENGTH__)?__TEXT_REGION_LENGTH__:0x20000
                0x000000000000ffa0                __DATA_REGION_LENGTH__ = DEFINED (__DATA_REGION_LENGTH__)?__DATA_REGION_LENGTH__:0xffa0
                0x0000000000010000                __EEPROM_REGION_LENGTH__ = DEFINED (__EEPROM_REGION_LENGTH__)?__EEPROM_REGION_LENGTH__:0x10000
                [0x0000000000000003]                __FUSE_REGION_LENGTH__ = DEFINED (__FUSE_REGION_LENGTH__)?__FUSE_REGION_LENGTH__:0x400
                0x0000000000000400                __LOCK_REGION_LENGTH__ = DEFINED (__LOCK_REGION_LENGTH__)?__LOCK_REGION_LENGTH__:0x400
                0x0000000000000400                __SIGNATURE_REGION_LENGTH__ = DEFINED (__SIGNATURE_REGION_LENGTH__)?__SIGNATURE_REGION_LENGTH__:0x400
                0x0000000000000400                __USER_SIGNATURE_REGION_LENGTH__ = DEFINED (__USER_SIGNATURE_REGION_LENGTH__)?__USER_SIGNATURE_REGION_LENGTH__:0x400

.hash
 *(.hash)

.dynsym
 *(.dynsym)

.dynstr
 *(.dynstr)

.gnu.version
 *(.gnu.version)

.gnu.version_d
 *(.gnu.version_d)

.gnu.version_r
 *(.gnu.version_r)

.rel.init
 *(.rel.init)

.rela.init
 *(.rela.init)

.rel.text
 *(.rel.text)
 *(.rel.text.*)
 *(.rel.gnu.linkonce.t*)

.rela.text
 *(.rela.text)
 *(.rela.text.*)
 *(.rela.gnu.linkonce.t*)

.rel.fini
 *(.rel.fini)

.rela.fini
 *(.rela.fini)

.rel.rodata
 *(.rel.rodata)
 *(.rel.rodata.*)
 *(.rel.gnu.linkonce.r*)

.rela.rodata
 *(.rela.rodata)
 *(.rela.rodata.*)
 *(.rela.gnu.linkonce.r*)

.rel.data
 *(.rel.data)
 *(.rel.data.*)
 *(.rel.gnu.linkonce.d*)

.rela.data
 *(.rela.data)
 *(.rela.data.*)
 *(.rela.gnu.linkonce.d*)

.rel.ctors
 *(.rel.ctors)

.rela.ctors
 *(.rela.ctors)

.rel.dtors
 *(.rel.dtors)

.rela.dtors
 *(.rela.dtors)

.rel.got
 *(.rel.got)

.rela.got
 *(.rela.got)

.rel.bss
 *(.rel.bss)

.rela.bss
 *(.rela.bss)

.rel.plt
 *(.rel.plt)

.rela.plt
 *(.rela.plt)

.text           0x0000000000000000     0x18be
 *(.vectors)
 .vectors       0x0000000000000000       0x7c /usr/lib/gcc/avr/7.4.0/../../../../avr/lib/avr5/crtatmega324pa.o
                0x0000000000000000                __vectors
                0x0000000000000000                __vector_default
 *(.vectors)
 *(.progmem.gcc*)
 .progmem.gcc_fplib
                0x000000000000007c       0x28 /usr/lib/gcc/avr/7.4.0/../../../../avr/lib/avr5/libm.a(exp.o)
 .progmem.gcc_fplib
                0x00000000000000a4       0x5a /usr/lib/gcc/avr/7.4.0/../../../../avr/lib/avr5/libm.a(log.o)
                0x00000000000000fe                . = ALIGN (0x2)
                0x00000000000000fe                __trampolines_start = .
 *(.trampolines)
 .trampolines   0x00000000000000fe        0x0 linker stubs
 *(.trampolines*)
                0x00000000000000fe                __trampolines_end = .
 *libprintf_flt.a:*(.progmem.data)
 *libc.a:*(.progmem.data)
 *(.progmem.*)
                0x00000000000000fe                . = ALIGN (0x2)
 *(.lowtext)
 *(.lowtext*)
                0x00000000000000fe                __ctors_start = .
 *(.ctors)
                0x00000000000000fe                __ctors_end = .
                0x00000000000000fe                __dtors_start = .
 *(.dtors)
                0x00000000000000fe                __dtors_end = .
 SORT_BY_NAME(*)(.ctors)
 SORT_BY_NAME(*)(.dtors)
 *(.init0)
 .init0         0x00000000000000fe        0x0 /usr/lib/gcc/avr/7.4.0/../../../../avr/lib/avr5/crtatmega324pa.o
                0x00000000000000fe                __init
 *(.init0)
 *(.init1)
 *(.init1)
 *(.init2)
 .init2         0x00000000000000fe        0xc /usr/lib/gcc/avr/7.4.0/../../../../avr/lib/avr5/crtatmega324pa.o
 *(.init2)
 *(.init3)
 *(.init3)
 *(.init4)
 .init4         0x000000000000010a       0x16 /usr/lib/gcc/avr/7.4.0/avr5/libgcc.a(_copy_data.o)
                0x000000000000010a                __do_copy_data
 *(.init4)
 *(.init5)
 *(.init5)
 *(.init6)
 *(.init6)
 *(.init7)
 *(.init7)
 *(.init8)
 *(.init8)
 *(.init9)
 .init9         0x0000000000000120        0x8 /usr/lib/gcc/avr/7.4.0/../../../../avr/lib/avr5/crtatmega324pa.o
 *(.init9)
 *(.text)
 .text          0x0000000000000128        0x4 /usr/lib/gcc/avr/7.4.0/../../../../avr/lib/avr5/crtatmega324pa.o
                0x0000000000000128                __vector_22
                0x0000000000000128                __vector_28
                0x0000000000000128                __vector_1
                0x0000000000000128                __vector_24
                0x0000000000000128                __vector_12
                0x0000000000000128                __bad_interrupt
                0x0000000000000128                __vector_6
                0x0000000000000128                __vector_3
                0x0000000000000128                __vector_23
                0x0000000000000128                __vector_30
                0x0000000000000128                __vector_25
                0x0000000000000128                __vector_11
                0x0000000000000128                __vector_13
                0x0000000000000128                __vector_17
                0x0000000000000128                __vector_19
                0x0000000000000128                __vector_7
                0x0000000000000128                __vector_27
                0x0000000000000128                __vector_5
                0x0000000000000128                __vector_4
                0x0000000000000128                __vector_9
                0x0000000000000128                __vector_2
                0x0000000000000128                __vector_21
                0x0000000000000128                __vector_15
                0x0000000000000128                __vector_29
                0x0000000000000128                __vector_8
                0x0000000000000128                __vector_26
                0x0000000000000128                __vector_14
                0x0000000000000128                __vector_10
                0x0000000000000128                __vector_16
                0x0000000000000128                __vector_18
                0x0000000000000128                __vector_20
 .text          0x000000000000012c        0x0 LecExec.o
 .text          0x000000000000012c      0x792 ../librairie/library.a(sonorite.o)
                0x000000000000012c                _ZN8SONORITEC1Ev
                0x000000000000012c                _ZN8SONORITEC2Ev
                0x000000000000012e                _ZN8SONORITE22ajustementPWM_sonoriteEd
                0x000000000000016e                _ZN8SONORITE15arreterSonoriteEv
                0x0000000000000178                _ZN8SONORITE5jouerEh
                0x0000000000000214                _ZN8SONORITE18tune_NokiaRingtoneEv
                0x00000000000002f2                _ZN8SONORITE13tune_StarWarsEv
 .text          0x00000000000008be       0x2c ../librairie/library.a(communication.o)
                0x00000000000008be                _Z8attendrej
                0x00000000000008dc                _Z14initialisationhhhh
 .text          0x00000000000008ea      0x11e ../librairie/library.a(roues.o)
                0x00000000000008ea                _ZN5RouesC2Ev
                0x00000000000008ea                _ZN5RouesC1Ev
                0x000000000000090a                _ZN5Roues15ajustementRouesEhh9Direction
                0x00000000000009a2                _ZN5Roues14reculerMoteursEhh
                0x00000000000009bc                _ZN5Roues13tournerGaucheEv
                0x00000000000009d2                _ZN5Roues13tournerDroiteEv
                0x00000000000009e8                _ZN5Roues14arreterMoteursEv
                0x00000000000009fa                _ZN5Roues14avancerMoteursEhh
 .text          0x0000000000000a08      0x352 ../librairie/library.a(memoire_24.o)
                0x0000000000000a08                _ZN13Memoire24CXXXD2Ev
                0x0000000000000a08                _ZN13Memoire24CXXXD1Ev
                0x0000000000000a0a                _ZN13Memoire24CXXX4initEv
                0x0000000000000a1c                _ZN13Memoire24CXXXC2Ev
                0x0000000000000a1c                _ZN13Memoire24CXXXC1Ev
                0x0000000000000a26                _ZN13Memoire24CXXX12choisir_bancEh
                0x0000000000000a3c                _ZN13Memoire24CXXX7lectureEjPh
                0x0000000000000afe                _ZN13Memoire24CXXX7lectureEjPhh
                0x0000000000000bc6                _ZN13Memoire24CXXX8ecritureEjh
                0x0000000000000c56                _ZN13Memoire24CXXX11ecrire_pageEjPhh
                0x0000000000000d14                _ZN13Memoire24CXXX8ecritureEjPhh
 .text          0x0000000000000d5a       0x70 ../librairie/library.a(DEL.o)
                0x0000000000000d5a                _ZN3DELC1Ev
                0x0000000000000d5a                _ZN3DELC2Ev
                0x0000000000000d5c                _ZN3DEL10allumerDELEh
                0x0000000000000d60                _ZN3DEL15allumerDelAmbreEv
                0x0000000000000d82                _ZN3DEL12clignoterDelEhh
                0x0000000000000db0                _ZN3DEL9clignoterEhjj
 .text          0x0000000000000dca       0xe8 ../librairie/library.a(UART.o)
                0x0000000000000dca                _ZN4UARTD1Ev
                0x0000000000000dca                _ZN4UARTD2Ev
                0x0000000000000dcc                _ZN4UART18initialisationUARTEv
                0x0000000000000df2                _ZN4UARTC2Ev
                0x0000000000000df2                _ZN4UARTC1Ev
                0x0000000000000df6                _ZN4UART16transmissionUARTEh
                0x0000000000000e04                _ZN4UART11lectureUARTEv
                0x0000000000000e12                _ZN4UART13AffichageUARTEPch
                0x0000000000000e68                _ZN4UART23afficherMessageDebogageEPKc
                0x0000000000000eae                _ZN4UART13receptionUARTEv
 .text          0x0000000000000eb2        0x0 /usr/lib/gcc/avr/7.4.0/avr5/libgcc.a(_exit.o)
 .text          0x0000000000000eb2        0x0 /usr/lib/gcc/avr/7.4.0/avr5/libgcc.a(_copy_data.o)
 .text          0x0000000000000eb2        0x0 /usr/lib/gcc/avr/7.4.0/../../../../avr/lib/avr5/libm.a(addsf3.o)
 .text          0x0000000000000eb2        0x0 /usr/lib/gcc/avr/7.4.0/../../../../avr/lib/avr5/libm.a(addsf3x.o)
 .text          0x0000000000000eb2        0x0 /usr/lib/gcc/avr/7.4.0/../../../../avr/lib/avr5/libm.a(cmpsf2.o)
 .text          0x0000000000000eb2        0x0 /usr/lib/gcc/avr/7.4.0/../../../../avr/lib/avr5/libm.a(divsf3.o)
 .text          0x0000000000000eb2        0x0 /usr/lib/gcc/avr/7.4.0/../../../../avr/lib/avr5/libm.a(divsf3x.o)
 .text          0x0000000000000eb2        0x0 /usr/lib/gcc/avr/7.4.0/../../../../avr/lib/avr5/libm.a(fixunssfsi.o)
 .text          0x0000000000000eb2        0x0 /usr/lib/gcc/avr/7.4.0/../../../../avr/lib/avr5/libm.a(floatsisf.o)
 .text          0x0000000000000eb2        0x0 /usr/lib/gcc/avr/7.4.0/../../../../avr/lib/avr5/libm.a(fp_cmp.o)
 .text          0x0000000000000eb2        0x0 /usr/lib/gcc/avr/7.4.0/../../../../avr/lib/avr5/libm.a(fp_inf.o)
 .text          0x0000000000000eb2        0x0 /usr/lib/gcc/avr/7.4.0/../../../../avr/lib/avr5/libm.a(fp_nan.o)
 .text          0x0000000000000eb2        0x0 /usr/lib/gcc/avr/7.4.0/../../../../avr/lib/avr5/libm.a(fp_pscA.o)
 .text          0x0000000000000eb2        0x0 /usr/lib/gcc/avr/7.4.0/../../../../avr/lib/avr5/libm.a(fp_pscB.o)
 .text          0x0000000000000eb2        0x0 /usr/lib/gcc/avr/7.4.0/../../../../avr/lib/avr5/libm.a(fp_round.o)
 .text          0x0000000000000eb2        0x0 /usr/lib/gcc/avr/7.4.0/../../../../avr/lib/avr5/libm.a(fp_split3.o)
 .text          0x0000000000000eb2        0x0 /usr/lib/gcc/avr/7.4.0/../../../../avr/lib/avr5/libm.a(fp_zero.o)
 .text          0x0000000000000eb2        0x0 /usr/lib/gcc/avr/7.4.0/../../../../avr/lib/avr5/libm.a(gesf2.o)
 .text          0x0000000000000eb2        0x0 /usr/lib/gcc/avr/7.4.0/../../../../avr/lib/avr5/libm.a(mulsf3.o)
 .text          0x0000000000000eb2        0x0 /usr/lib/gcc/avr/7.4.0/../../../../avr/lib/avr5/libm.a(mulsf3x.o)
 .text          0x0000000000000eb2        0x0 /usr/lib/gcc/avr/7.4.0/../../../../avr/lib/avr5/libm.a(pow.o)
 .text          0x0000000000000eb2        0x0 /usr/lib/gcc/avr/7.4.0/../../../../avr/lib/avr5/libm.a(exp.o)
 .text          0x0000000000000eb2        0x0 /usr/lib/gcc/avr/7.4.0/../../../../avr/lib/avr5/libm.a(fp_powser.o)
 .text          0x0000000000000eb2        0x0 /usr/lib/gcc/avr/7.4.0/../../../../avr/lib/avr5/libm.a(inverse.o)
 .text          0x0000000000000eb2        0x0 /usr/lib/gcc/avr/7.4.0/../../../../avr/lib/avr5/libm.a(ldexp.o)
 .text          0x0000000000000eb2        0x0 /usr/lib/gcc/avr/7.4.0/../../../../avr/lib/avr5/libm.a(log.o)
 .text          0x0000000000000eb2        0x0 /usr/lib/gcc/avr/7.4.0/../../../../avr/lib/avr5/libm.a(modf.o)
 .text          0x0000000000000eb2        0x0 /usr/lib/gcc/avr/7.4.0/../../../../avr/lib/avr5/libm.a(fp_mpack.o)
                0x0000000000000eb2                . = ALIGN (0x2)
 *(.text.*)
 .text.startup  0x0000000000000eb2      0x290 LecExec.o
                0x0000000000000eb2                main
 .text.libgcc.mul
                0x0000000000001142        0x0 /usr/lib/gcc/avr/7.4.0/avr5/libgcc.a(_exit.o)
 .text.libgcc.div
                0x0000000000001142        0x0 /usr/lib/gcc/avr/7.4.0/avr5/libgcc.a(_exit.o)
 .text.libgcc   0x0000000000001142        0x0 /usr/lib/gcc/avr/7.4.0/avr5/libgcc.a(_exit.o)
 .text.libgcc.prologue
                0x0000000000001142        0x0 /usr/lib/gcc/avr/7.4.0/avr5/libgcc.a(_exit.o)
 .text.libgcc.builtins
                0x0000000000001142        0x0 /usr/lib/gcc/avr/7.4.0/avr5/libgcc.a(_exit.o)
 .text.libgcc.fmul
                0x0000000000001142        0x0 /usr/lib/gcc/avr/7.4.0/avr5/libgcc.a(_exit.o)
 .text.libgcc.fixed
                0x0000000000001142        0x0 /usr/lib/gcc/avr/7.4.0/avr5/libgcc.a(_exit.o)
 .text.libgcc.mul
                0x0000000000001142        0x0 /usr/lib/gcc/avr/7.4.0/avr5/libgcc.a(_copy_data.o)
 .text.libgcc.div
                0x0000000000001142        0x0 /usr/lib/gcc/avr/7.4.0/avr5/libgcc.a(_copy_data.o)
 .text.libgcc   0x0000000000001142        0x0 /usr/lib/gcc/avr/7.4.0/avr5/libgcc.a(_copy_data.o)
 .text.libgcc.prologue
                0x0000000000001142        0x0 /usr/lib/gcc/avr/7.4.0/avr5/libgcc.a(_copy_data.o)
 .text.libgcc.builtins
                0x0000000000001142        0x0 /usr/lib/gcc/avr/7.4.0/avr5/libgcc.a(_copy_data.o)
 .text.libgcc.fmul
                0x0000000000001142        0x0 /usr/lib/gcc/avr/7.4.0/avr5/libgcc.a(_copy_data.o)
 .text.libgcc.fixed
                0x0000000000001142        0x0 /usr/lib/gcc/avr/7.4.0/avr5/libgcc.a(_copy_data.o)
 .text.avr-libc.fplib
                0x0000000000001142        0xe /usr/lib/gcc/avr/7.4.0/../../../../avr/lib/avr5/libm.a(addsf3.o)
                0x0000000000001142                __subsf3
                0x0000000000001144                __addsf3
 .text.avr-libc.fplib
                0x0000000000001150       0xcc /usr/lib/gcc/avr/7.4.0/../../../../avr/lib/avr5/libm.a(addsf3x.o)
                0x0000000000001172                __addsf3x
 .text.avr-libc.fplib
                0x000000000000121c        0xa /usr/lib/gcc/avr/7.4.0/../../../../avr/lib/avr5/libm.a(cmpsf2.o)
                0x000000000000121c                __lesf2
                0x000000000000121c                __nesf2
                0x000000000000121c                __eqsf2
                0x000000000000121c                __cmpsf2
                0x000000000000121c                __ltsf2
 .text.avr-libc.fplib
                0x0000000000001226        0x8 /usr/lib/gcc/avr/7.4.0/../../../../avr/lib/avr5/libm.a(divsf3.o)
                0x0000000000001226                __divsf3
 .text.avr-libc.fplib
                0x000000000000122e       0xdc /usr/lib/gcc/avr/7.4.0/../../../../avr/lib/avr5/libm.a(divsf3x.o)
                0x000000000000124e                __divsf3x
                0x0000000000001254                __divsf3_pse
 .text.avr-libc.fplib
                0x000000000000130a       0x5e /usr/lib/gcc/avr/7.4.0/../../../../avr/lib/avr5/libm.a(fixunssfsi.o)
                0x000000000000130a                __fixunssfsi
 .text.avr-libc.fplib
                0x0000000000001368       0x7a /usr/lib/gcc/avr/7.4.0/../../../../avr/lib/avr5/libm.a(floatsisf.o)
                0x0000000000001368                __floatunsisf
                0x000000000000136c                __floatsisf
 .text.avr-libc.fplib
                0x00000000000013e2       0x48 /usr/lib/gcc/avr/7.4.0/../../../../avr/lib/avr5/libm.a(fp_cmp.o)
                0x00000000000013e2                __fp_cmp
 .text.avr-libc.fplib
                0x000000000000142a        0xc /usr/lib/gcc/avr/7.4.0/../../../../avr/lib/avr5/libm.a(fp_inf.o)
                0x000000000000142a                __fp_inf
 .text.avr-libc.fplib
                0x0000000000001436        0x6 /usr/lib/gcc/avr/7.4.0/../../../../avr/lib/avr5/libm.a(fp_nan.o)
                0x0000000000001436                __fp_nan
 .text.avr-libc.fplib
                0x000000000000143c        0xe /usr/lib/gcc/avr/7.4.0/../../../../avr/lib/avr5/libm.a(fp_pscA.o)
                0x000000000000143c                __fp_pscA
 .text.avr-libc.fplib
                0x000000000000144a        0xe /usr/lib/gcc/avr/7.4.0/../../../../avr/lib/avr5/libm.a(fp_pscB.o)
                0x000000000000144a                __fp_pscB
 .text.avr-libc.fplib
                0x0000000000001458       0x22 /usr/lib/gcc/avr/7.4.0/../../../../avr/lib/avr5/libm.a(fp_round.o)
                0x0000000000001458                __fp_round
 .text.avr-libc.fplib
                0x000000000000147a       0x44 /usr/lib/gcc/avr/7.4.0/../../../../avr/lib/avr5/libm.a(fp_split3.o)
                0x000000000000147a                __fp_split3
                0x000000000000148a                __fp_splitA
 .text.avr-libc.fplib
                0x00000000000014be        0xe /usr/lib/gcc/avr/7.4.0/../../../../avr/lib/avr5/libm.a(fp_zero.o)
                0x00000000000014be                __fp_zero
                0x00000000000014c0                __fp_szero
 .text.avr-libc.fplib
                0x00000000000014cc        0xa /usr/lib/gcc/avr/7.4.0/../../../../avr/lib/avr5/libm.a(gesf2.o)
                0x00000000000014cc                __gtsf2
                0x00000000000014cc                __gesf2
 .text.avr-libc.fplib
                0x00000000000014d6        0x8 /usr/lib/gcc/avr/7.4.0/../../../../avr/lib/avr5/libm.a(mulsf3.o)
                0x00000000000014d6                __mulsf3
 .text.avr-libc.fplib
                0x00000000000014de       0xd2 /usr/lib/gcc/avr/7.4.0/../../../../avr/lib/avr5/libm.a(mulsf3x.o)
                0x00000000000014fc                __mulsf3x
                0x0000000000001502                __mulsf3_pse
 .text.avr-libc.fplib
                0x00000000000015b0       0xa0 /usr/lib/gcc/avr/7.4.0/../../../../avr/lib/avr5/libm.a(pow.o)
                0x00000000000015b0                pow
 .text.avr-libc.fplib
                0x0000000000001650       0x74 /usr/lib/gcc/avr/7.4.0/../../../../avr/lib/avr5/libm.a(exp.o)
                0x0000000000001660                exp
 .text.avr-libc.fplib
                0x00000000000016c4       0x4e /usr/lib/gcc/avr/7.4.0/../../../../avr/lib/avr5/libm.a(fp_powser.o)
                0x00000000000016c4                __fp_powser
 .text.avr-libc.fplib
                0x0000000000001712       0x10 /usr/lib/gcc/avr/7.4.0/../../../../avr/lib/avr5/libm.a(inverse.o)
                0x0000000000001712                inverse
 .text.avr-libc.fplib
                0x0000000000001722       0x74 /usr/lib/gcc/avr/7.4.0/../../../../avr/lib/avr5/libm.a(ldexp.o)
                0x000000000000172a                ldexp
 .text.avr-libc.fplib
                0x0000000000001796       0xa0 /usr/lib/gcc/avr/7.4.0/../../../../avr/lib/avr5/libm.a(log.o)
                0x00000000000017a6                log
 .text.avr-libc.fplib
                0x0000000000001836       0x68 /usr/lib/gcc/avr/7.4.0/../../../../avr/lib/avr5/libm.a(modf.o)
                0x0000000000001836                modff
                0x0000000000001836                modf
 .text.avr-libc.fplib
                0x000000000000189e       0x1c /usr/lib/gcc/avr/7.4.0/../../../../avr/lib/avr5/libm.a(fp_mpack.o)
                0x000000000000189e                __fp_mpack
                0x00000000000018a2                __fp_mpack_finite
                0x00000000000018ba                . = ALIGN (0x2)
 *(.fini9)
 .fini9         0x00000000000018ba        0x0 /usr/lib/gcc/avr/7.4.0/avr5/libgcc.a(_exit.o)
                0x00000000000018ba                exit
                0x00000000000018ba                _exit
 *(.fini9)
 *(.fini8)
 *(.fini8)
 *(.fini7)
 *(.fini7)
 *(.fini6)
 *(.fini6)
 *(.fini5)
 *(.fini5)
 *(.fini4)
 *(.fini4)
 *(.fini3)
 *(.fini3)
 *(.fini2)
 *(.fini2)
 *(.fini1)
 *(.fini1)
 *(.fini0)
 .fini0         0x00000000000018ba        0x4 /usr/lib/gcc/avr/7.4.0/avr5/libgcc.a(_exit.o)
 *(.fini0)
 *(.hightext)
 *(.hightext*)
 *(.progmemx.*)
                0x00000000000018be                . = ALIGN (0x2)
 *(.jumptables)
 *(.jumptables*)
                0x00000000000018be                _etext = .

.data           0x0000000000800100        0x2 load address 0x00000000000018be
                0x0000000000800100                PROVIDE (__data_start = .)
 *(.data)
 .data          0x0000000000800100        0x0 /usr/lib/gcc/avr/7.4.0/../../../../avr/lib/avr5/crtatmega324pa.o
 .data          0x0000000000800100        0x0 LecExec.o
 .data          0x0000000000800100        0x0 ../librairie/library.a(sonorite.o)
 .data          0x0000000000800100        0x0 ../librairie/library.a(communication.o)
 .data          0x0000000000800100        0x0 ../librairie/library.a(roues.o)
 .data          0x0000000000800100        0x1 ../librairie/library.a(memoire_24.o)
                0x0000000000800100                _ZN13Memoire24CXXX22m_adresse_peripheriqueE
 .data          0x0000000000800101        0x0 ../librairie/library.a(DEL.o)
 .data          0x0000000000800101        0x0 ../librairie/library.a(UART.o)
 .data          0x0000000000800101        0x0 /usr/lib/gcc/avr/7.4.0/avr5/libgcc.a(_exit.o)
 .data          0x0000000000800101        0x0 /usr/lib/gcc/avr/7.4.0/avr5/libgcc.a(_copy_data.o)
 .data          0x0000000000800101        0x0 /usr/lib/gcc/avr/7.4.0/../../../../avr/lib/avr5/libm.a(addsf3.o)
 .data          0x0000000000800101        0x0 /usr/lib/gcc/avr/7.4.0/../../../../avr/lib/avr5/libm.a(addsf3x.o)
 .data          0x0000000000800101        0x0 /usr/lib/gcc/avr/7.4.0/../../../../avr/lib/avr5/libm.a(cmpsf2.o)
 .data          0x0000000000800101        0x0 /usr/lib/gcc/avr/7.4.0/../../../../avr/lib/avr5/libm.a(divsf3.o)
 .data          0x0000000000800101        0x0 /usr/lib/gcc/avr/7.4.0/../../../../avr/lib/avr5/libm.a(divsf3x.o)
 .data          0x0000000000800101        0x0 /usr/lib/gcc/avr/7.4.0/../../../../avr/lib/avr5/libm.a(fixunssfsi.o)
 .data          0x0000000000800101        0x0 /usr/lib/gcc/avr/7.4.0/../../../../avr/lib/avr5/libm.a(floatsisf.o)
 .data          0x0000000000800101        0x0 /usr/lib/gcc/avr/7.4.0/../../../../avr/lib/avr5/libm.a(fp_cmp.o)
 .data          0x0000000000800101        0x0 /usr/lib/gcc/avr/7.4.0/../../../../avr/lib/avr5/libm.a(fp_inf.o)
 .data          0x0000000000800101        0x0 /usr/lib/gcc/avr/7.4.0/../../../../avr/lib/avr5/libm.a(fp_nan.o)
 .data          0x0000000000800101        0x0 /usr/lib/gcc/avr/7.4.0/../../../../avr/lib/avr5/libm.a(fp_pscA.o)
 .data          0x0000000000800101        0x0 /usr/lib/gcc/avr/7.4.0/../../../../avr/lib/avr5/libm.a(fp_pscB.o)
 .data          0x0000000000800101        0x0 /usr/lib/gcc/avr/7.4.0/../../../../avr/lib/avr5/libm.a(fp_round.o)
 .data          0x0000000000800101        0x0 /usr/lib/gcc/avr/7.4.0/../../../../avr/lib/avr5/libm.a(fp_split3.o)
 .data          0x0000000000800101        0x0 /usr/lib/gcc/avr/7.4.0/../../../../avr/lib/avr5/libm.a(fp_zero.o)
 .data          0x0000000000800101        0x0 /usr/lib/gcc/avr/7.4.0/../../../../avr/lib/avr5/libm.a(gesf2.o)
 .data          0x0000000000800101        0x0 /usr/lib/gcc/avr/7.4.0/../../../../avr/lib/avr5/libm.a(mulsf3.o)
 .data          0x0000000000800101        0x0 /usr/lib/gcc/avr/7.4.0/../../../../avr/lib/avr5/libm.a(mulsf3x.o)
 .data          0x0000000000800101        0x0 /usr/lib/gcc/avr/7.4.0/../../../../avr/lib/avr5/libm.a(pow.o)
 .data          0x0000000000800101        0x0 /usr/lib/gcc/avr/7.4.0/../../../../avr/lib/avr5/libm.a(exp.o)
 .data          0x0000000000800101        0x0 /usr/lib/gcc/avr/7.4.0/../../../../avr/lib/avr5/libm.a(fp_powser.o)
 .data          0x0000000000800101        0x0 /usr/lib/gcc/avr/7.4.0/../../../../avr/lib/avr5/libm.a(inverse.o)
 .data          0x0000000000800101        0x0 /usr/lib/gcc/avr/7.4.0/../../../../avr/lib/avr5/libm.a(ldexp.o)
 .data          0x0000000000800101        0x0 /usr/lib/gcc/avr/7.4.0/../../../../avr/lib/avr5/libm.a(log.o)
 .data          0x0000000000800101        0x0 /usr/lib/gcc/avr/7.4.0/../../../../avr/lib/avr5/libm.a(modf.o)
 .data          0x0000000000800101        0x0 /usr/lib/gcc/avr/7.4.0/../../../../avr/lib/avr5/libm.a(fp_mpack.o)
 *(.data*)
 *(.gnu.linkonce.d*)
 *(.rodata)
 *(.rodata*)
 *(.gnu.linkonce.r*)
                0x0000000000800102                . = ALIGN (0x2)
 *fill*         0x0000000000800101        0x1 
                0x0000000000800102                _edata = .
                0x0000000000800102                PROVIDE (__data_end = .)

.bss            0x0000000000800102        0x0
                [!provide]                        PROVIDE (__bss_start = .)
 *(.bss)
 .bss           0x0000000000800102        0x0 /usr/lib/gcc/avr/7.4.0/../../../../avr/lib/avr5/crtatmega324pa.o
 .bss           0x0000000000800102        0x0 LecExec.o
 .bss           0x0000000000800102        0x0 ../librairie/library.a(sonorite.o)
 .bss           0x0000000000800102        0x0 ../librairie/library.a(communication.o)
 .bss           0x0000000000800102        0x0 ../librairie/library.a(roues.o)
 .bss           0x0000000000800102        0x0 ../librairie/library.a(memoire_24.o)
 .bss           0x0000000000800102        0x0 ../librairie/library.a(DEL.o)
 .bss           0x0000000000800102        0x0 ../librairie/library.a(UART.o)
 .bss           0x0000000000800102        0x0 /usr/lib/gcc/avr/7.4.0/avr5/libgcc.a(_exit.o)
 .bss           0x0000000000800102        0x0 /usr/lib/gcc/avr/7.4.0/avr5/libgcc.a(_copy_data.o)
 .bss           0x0000000000800102        0x0 /usr/lib/gcc/avr/7.4.0/../../../../avr/lib/avr5/libm.a(addsf3.o)
 .bss           0x0000000000800102        0x0 /usr/lib/gcc/avr/7.4.0/../../../../avr/lib/avr5/libm.a(addsf3x.o)
 .bss           0x0000000000800102        0x0 /usr/lib/gcc/avr/7.4.0/../../../../avr/lib/avr5/libm.a(cmpsf2.o)
 .bss           0x0000000000800102        0x0 /usr/lib/gcc/avr/7.4.0/../../../../avr/lib/avr5/libm.a(divsf3.o)
 .bss           0x0000000000800102        0x0 /usr/lib/gcc/avr/7.4.0/../../../../avr/lib/avr5/libm.a(divsf3x.o)
 .bss           0x0000000000800102        0x0 /usr/lib/gcc/avr/7.4.0/../../../../avr/lib/avr5/libm.a(fixunssfsi.o)
 .bss           0x0000000000800102        0x0 /usr/lib/gcc/avr/7.4.0/../../../../avr/lib/avr5/libm.a(floatsisf.o)
 .bss           0x0000000000800102        0x0 /usr/lib/gcc/avr/7.4.0/../../../../avr/lib/avr5/libm.a(fp_cmp.o)
 .bss           0x0000000000800102        0x0 /usr/lib/gcc/avr/7.4.0/../../../../avr/lib/avr5/libm.a(fp_inf.o)
 .bss           0x0000000000800102        0x0 /usr/lib/gcc/avr/7.4.0/../../../../avr/lib/avr5/libm.a(fp_nan.o)
 .bss           0x0000000000800102        0x0 /usr/lib/gcc/avr/7.4.0/../../../../avr/lib/avr5/libm.a(fp_pscA.o)
 .bss           0x0000000000800102        0x0 /usr/lib/gcc/avr/7.4.0/../../../../avr/lib/avr5/libm.a(fp_pscB.o)
 .bss           0x0000000000800102        0x0 /usr/lib/gcc/avr/7.4.0/../../../../avr/lib/avr5/libm.a(fp_round.o)
 .bss           0x0000000000800102        0x0 /usr/lib/gcc/avr/7.4.0/../../../../avr/lib/avr5/libm.a(fp_split3.o)
 .bss           0x0000000000800102        0x0 /usr/lib/gcc/avr/7.4.0/../../../../avr/lib/avr5/libm.a(fp_zero.o)
 .bss           0x0000000000800102        0x0 /usr/lib/gcc/avr/7.4.0/../../../../avr/lib/avr5/libm.a(gesf2.o)
 .bss           0x0000000000800102        0x0 /usr/lib/gcc/avr/7.4.0/../../../../avr/lib/avr5/libm.a(mulsf3.o)
 .bss           0x0000000000800102        0x0 /usr/lib/gcc/avr/7.4.0/../../../../avr/lib/avr5/libm.a(mulsf3x.o)
 .bss           0x0000000000800102        0x0 /usr/lib/gcc/avr/7.4.0/../../../../avr/lib/avr5/libm.a(pow.o)
 .bss           0x0000000000800102        0x0 /usr/lib/gcc/avr/7.4.0/../../../../avr/lib/avr5/libm.a(exp.o)
 .bss           0x0000000000800102        0x0 /usr/lib/gcc/avr/7.4.0/../../../../avr/lib/avr5/libm.a(fp_powser.o)
 .bss           0x0000000000800102        0x0 /usr/lib/gcc/avr/7.4.0/../../../../avr/lib/avr5/libm.a(inverse.o)
 .bss           0x0000000000800102        0x0 /usr/lib/gcc/avr/7.4.0/../../../../avr/lib/avr5/libm.a(ldexp.o)
 .bss           0x0000000000800102        0x0 /usr/lib/gcc/avr/7.4.0/../../../../avr/lib/avr5/libm.a(log.o)
 .bss           0x0000000000800102        0x0 /usr/lib/gcc/avr/7.4.0/../../../../avr/lib/avr5/libm.a(modf.o)
 .bss           0x0000000000800102        0x0 /usr/lib/gcc/avr/7.4.0/../../../../avr/lib/avr5/libm.a(fp_mpack.o)
 *(.bss*)
 *(COMMON)
                [!provide]                        PROVIDE (__bss_end = .)
                0x00000000000018be                __data_load_start = LOADADDR (.data)
                0x00000000000018c0                __data_load_end = (__data_load_start + SIZEOF (.data))

.noinit         0x0000000000800102        0x0
                [!provide]                        PROVIDE (__noinit_start = .)
 *(.noinit*)
                [!provide]                        PROVIDE (__noinit_end = .)
                0x0000000000800102                _end = .
                [!provide]                        PROVIDE (__heap_start = .)

.eeprom         0x0000000000810000        0x0
 *(.eeprom*)
                0x0000000000810000                __eeprom_end = .

.fuse
 *(.fuse)
 *(.lfuse)
 *(.hfuse)
 *(.efuse)

.lock
 *(.lock*)

.signature
 *(.signature*)

.stab           0x0000000000000000     0x4ddc
 *(.stab)
 .stab          0x0000000000000000      0xa2c LecExec.o
 .stab          0x0000000000000a2c     0x123c ../librairie/library.a(sonorite.o)
                                       0x1248 (size before relaxing)
 .stab          0x0000000000001c68      0x6e4 ../librairie/library.a(communication.o)
                                        0x6f0 (size before relaxing)
 .stab          0x000000000000234c      0x978 ../librairie/library.a(roues.o)
                                        0x984 (size before relaxing)
 .stab          0x0000000000002cc4      0xec4 ../librairie/library.a(memoire_24.o)
                                        0xed0 (size before relaxing)
 .stab          0x0000000000003b88      0x8ac ../librairie/library.a(DEL.o)
                                        0x8b8 (size before relaxing)
 .stab          0x0000000000004434      0x864 ../librairie/library.a(UART.o)
                                        0x870 (size before relaxing)
 .stab          0x0000000000004c98       0x6c /usr/lib/gcc/avr/7.4.0/avr5/libgcc.a(_exit.o)
                                         0x78 (size before relaxing)
 .stab          0x0000000000004d04       0xd8 /usr/lib/gcc/avr/7.4.0/avr5/libgcc.a(_copy_data.o)
                                         0xe4 (size before relaxing)

.stabstr        0x0000000000000000     0x30a7
 *(.stabstr)
 .stabstr       0x0000000000000000     0x30a7 LecExec.o

.stab.excl
 *(.stab.excl)

.stab.exclstr
 *(.stab.exclstr)

.stab.index
 *(.stab.index)

.stab.indexstr
 *(.stab.indexstr)

.comment        0x0000000000000000       0x21
 *(.comment)
 .comment       0x0000000000000000       0x21 LecExec.o
                                         0x22 (size before relaxing)
 .comment       0x0000000000000021       0x22 ../librairie/library.a(sonorite.o)
 .comment       0x0000000000000021       0x22 ../librairie/library.a(communication.o)
 .comment       0x0000000000000021       0x22 ../librairie/library.a(roues.o)
 .comment       0x0000000000000021       0x22 ../librairie/library.a(memoire_24.o)
 .comment       0x0000000000000021       0x22 ../librairie/library.a(DEL.o)
 .comment       0x0000000000000021       0x22 ../librairie/library.a(UART.o)

.note.gnu.avr.deviceinfo
                0x0000000000000000       0x40
 .note.gnu.avr.deviceinfo
                0x0000000000000000       0x40 /usr/lib/gcc/avr/7.4.0/../../../../avr/lib/avr5/crtatmega324pa.o

.note.gnu.build-id
 *(.note.gnu.build-id)

.debug
 *(.debug)

.line
 *(.line)

.debug_srcinfo
 *(.debug_srcinfo)

.debug_sfnames
 *(.debug_sfnames)

.debug_aranges
 *(.debug_aranges)

.debug_pubnames
 *(.debug_pubnames)

.debug_info     0x0000000000000000      0x6cc
 *(.debug_info .gnu.linkonce.wi.*)
 .debug_info    0x0000000000000000      0x6cc /usr/lib/gcc/avr/7.4.0/../../../../avr/lib/avr5/crtatmega324pa.o

.debug_abbrev   0x0000000000000000      0x66e
 *(.debug_abbrev)
 .debug_abbrev  0x0000000000000000      0x66e /usr/lib/gcc/avr/7.4.0/../../../../avr/lib/avr5/crtatmega324pa.o

.debug_line     0x0000000000000000       0x1d
 *(.debug_line .debug_line.* .debug_line_end)
 .debug_line    0x0000000000000000       0x1d /usr/lib/gcc/avr/7.4.0/../../../../avr/lib/avr5/crtatmega324pa.o

.debug_frame
 *(.debug_frame)

.debug_str      0x0000000000000000      0x255
 *(.debug_str)
 .debug_str     0x0000000000000000      0x255 /usr/lib/gcc/avr/7.4.0/../../../../avr/lib/avr5/crtatmega324pa.o

.debug_loc
 *(.debug_loc)

.debug_macinfo
 *(.debug_macinfo)

.debug_weaknames
 *(.debug_weaknames)

.debug_funcnames
 *(.debug_funcnames)

.debug_typenames
 *(.debug_typenames)

.debug_varnames
 *(.debug_varnames)

.debug_pubtypes
 *(.debug_pubtypes)

.debug_ranges
 *(.debug_ranges)

.debug_macro
 *(.debug_macro)

.debug_addr
 *(.debug_addr)
OUTPUT(tp9.out elf32-avr)
LOAD linker stubs
